<?xml version="1.0" encoding="utf-8"?>
<TestRun id="026e837d-858e-45dc-94cf-5fb5ed6db3e9" name="feder@FEDERICO 2025-10-13 11:12:15" runUser="FEDERICO\feder" xmlns="http://microsoft.com/schemas/VisualStudio/TeamTest/2010">
  <Times creation="2025-10-13T11:12:15.5600068+02:00" queuing="2025-10-13T11:12:15.5600072+02:00" start="2025-10-13T11:12:10.1974630+02:00" finish="2025-10-13T11:12:16.1157187+02:00" />
  <TestSettings name="default" id="7d3a6e3d-b86f-4fd2-bf32-2dd8bda12e8c">
    <Deployment runDeploymentRoot="feder_FEDERICO_2025-10-13_11_12_15" />
  </TestSettings>
  <Results>
    <UnitTestResult executionId="608e9817-191e-4fc5-9462-772fbc71bc60" testId="20ab81f3-2f8f-3808-acf9-1e207634685f" testName="CSVTransferApp.Integration.Tests.EndToEndTests.Application_WithInvalidCommand_ShouldReturnError" computerName="FEDERICO" duration="00:00:00.0444130" startTime="2025-10-13T11:12:15.2403868+02:00" endTime="2025-10-13T11:12:15.2403871+02:00" testType="13cdc9d9-ddb5-4fa4-a97d-d965ccfc6d4b" outcome="Passed" testListId="8c84fa94-04c1-424b-9868-57a2d4851a1d" relativeResultsDirectory="608e9817-191e-4fc5-9462-772fbc71bc60" />
    <UnitTestResult executionId="24f16edd-d467-49fc-9f71-295b6ab88b38" testId="b2633649-628d-5315-043a-0da371d34d1d" testName="CSVTransferApp.Integration.Tests.EndToEndTests.Application_WithTransferCommand_ShouldProcessSuccessfully" computerName="FEDERICO" duration="00:00:00.1082195" startTime="2025-10-13T11:12:15.6008967+02:00" endTime="2025-10-13T11:12:15.6008975+02:00" testType="13cdc9d9-ddb5-4fa4-a97d-d965ccfc6d4b" outcome="Passed" testListId="8c84fa94-04c1-424b-9868-57a2d4851a1d" relativeResultsDirectory="24f16edd-d467-49fc-9f71-295b6ab88b38" />
    <UnitTestResult executionId="fe86588e-4f3a-49fe-9f42-10d7ee88dba5" testId="0d5a5ac2-8981-b4ab-fab2-b708b41a9a1b" testName="CSVTransferApp.Integration.Tests.EndToEndTests.CsvProcessingService_WithRealData_ShouldGenerateValidCsv" computerName="FEDERICO" duration="00:00:00.0433831" startTime="2025-10-13T11:12:15.1933298+02:00" endTime="2025-10-13T11:12:15.1933301+02:00" testType="13cdc9d9-ddb5-4fa4-a97d-d965ccfc6d4b" outcome="Passed" testListId="8c84fa94-04c1-424b-9868-57a2d4851a1d" relativeResultsDirectory="fe86588e-4f3a-49fe-9f42-10d7ee88dba5" />
    <UnitTestResult executionId="7a4f0d0b-c136-4cc7-b43d-18027b98c7c5" testId="b9b3f4cc-20f8-9f18-0ae3-86357fa90010" testName="CSVTransferApp.Integration.Tests.DatabaseIntegrationTests.SqlServerDatabaseProvider_ShouldCreateValidConnection" computerName="FEDERICO" duration="00:00:00.0898444" startTime="2025-10-13T11:12:15.5769341+02:00" endTime="2025-10-13T11:12:15.5769344+02:00" testType="13cdc9d9-ddb5-4fa4-a97d-d965ccfc6d4b" outcome="Passed" testListId="8c84fa94-04c1-424b-9868-57a2d4851a1d" relativeResultsDirectory="7a4f0d0b-c136-4cc7-b43d-18027b98c7c5" />
    <UnitTestResult executionId="90d6e193-1148-4457-ade1-4f5a37b91455" testId="5cb516ee-e8f3-b392-6a67-5392b36ef6e8" testName="CSVTransferApp.Integration.Tests.CsvTransferIntegrationTests.ProcessJob_ShouldExportCsvFromDatabase" computerName="FEDERICO" duration="00:00:00.0045525" startTime="2025-10-13T11:12:15.8458592+02:00" endTime="2025-10-13T11:12:15.8458594+02:00" testType="13cdc9d9-ddb5-4fa4-a97d-d965ccfc6d4b" outcome="Passed" testListId="8c84fa94-04c1-424b-9868-57a2d4851a1d" relativeResultsDirectory="90d6e193-1148-4457-ade1-4f5a37b91455" />
    <UnitTestResult executionId="ac1c411c-bebf-493e-b68c-ef20098d49f4" testId="8c661c3e-d7d1-e590-a448-a6c03958ef5b" testName="CSVTransferApp.Integration.Tests.SftpIntegrationTests.SftpService_FileOperations_ShouldWorkCorrectly" computerName="FEDERICO" duration="00:00:00.0099239" startTime="2025-10-13T11:12:15.0481911+02:00" endTime="2025-10-13T11:12:15.0481918+02:00" testType="13cdc9d9-ddb5-4fa4-a97d-d965ccfc6d4b" outcome="Passed" testListId="8c84fa94-04c1-424b-9868-57a2d4851a1d" relativeResultsDirectory="ac1c411c-bebf-493e-b68c-ef20098d49f4" />
    <UnitTestResult executionId="551c9278-4476-4878-9963-bf042a1c88a4" testId="c911e866-9a75-5333-096a-ccb4809c5650" testName="CSVTransferApp.Integration.Tests.DatabaseIntegrationTests.PostgreSqlDatabaseProvider_ShouldCreateValidConnection" computerName="FEDERICO" duration="00:00:00.1144982" startTime="2025-10-13T11:12:15.4879378+02:00" endTime="2025-10-13T11:12:15.4879381+02:00" testType="13cdc9d9-ddb5-4fa4-a97d-d965ccfc6d4b" outcome="Passed" testListId="8c84fa94-04c1-424b-9868-57a2d4851a1d" relativeResultsDirectory="551c9278-4476-4878-9963-bf042a1c88a4" />
    <UnitTestResult executionId="b62ff5db-2204-47e0-8f97-2a853f0a6a32" testId="e23af815-caf6-16c9-2c07-2db2fed3c93f" testName="CSVTransferApp.Integration.Tests.EndToEndTests.Application_WithMissingRequiredParameter_ShouldReturnError" computerName="FEDERICO" duration="00:00:00.1717035" startTime="2025-10-13T11:12:15.4808392+02:00" endTime="2025-10-13T11:12:15.4808395+02:00" testType="13cdc9d9-ddb5-4fa4-a97d-d965ccfc6d4b" outcome="Passed" testListId="8c84fa94-04c1-424b-9868-57a2d4851a1d" relativeResultsDirectory="b62ff5db-2204-47e0-8f97-2a853f0a6a32" />
    <UnitTestResult executionId="65c52bfd-9a17-45e5-b597-39a5fd262b92" testId="0dc02fb7-af0a-0b07-018e-3223e7756216" testName="CSVTransferApp.Integration.Tests.SftpIntegrationTests.SftpService_WithMockServer_ShouldUploadFile" computerName="FEDERICO" duration="00:00:00.0012172" startTime="2025-10-13T11:12:15.0496548+02:00" endTime="2025-10-13T11:12:15.0496550+02:00" testType="13cdc9d9-ddb5-4fa4-a97d-d965ccfc6d4b" outcome="Passed" testListId="8c84fa94-04c1-424b-9868-57a2d4851a1d" relativeResultsDirectory="65c52bfd-9a17-45e5-b597-39a5fd262b92" />
    <UnitTestResult executionId="61970a09-de7b-48c9-9d3d-cfbdd73ff9a1" testId="c891e901-8809-4ce8-03de-0d976e61bc96" testName="CSVTransferApp.Integration.Tests.DatabaseIntegrationTests.OracleDatabaseProvider_ShouldCreateValidConnection" computerName="FEDERICO" duration="00:00:00.3771324" startTime="2025-10-13T11:12:15.3723023+02:00" endTime="2025-10-13T11:12:15.3723030+02:00" testType="13cdc9d9-ddb5-4fa4-a97d-d965ccfc6d4b" outcome="Passed" testListId="8c84fa94-04c1-424b-9868-57a2d4851a1d" relativeResultsDirectory="61970a09-de7b-48c9-9d3d-cfbdd73ff9a1" />
    <UnitTestResult executionId="2b0c5a2a-31da-4020-984a-dfa903bff90b" testId="5a970df2-4b7d-a6ed-aa3f-6b2b65861c37" testName="CSVTransferApp.Integration.Tests.SftpIntegrationTests.SftpService_TestConnection_ShouldValidateCredentials" computerName="FEDERICO" duration="00:00:00.0350213" startTime="2025-10-13T11:12:15.0389249+02:00" endTime="2025-10-13T11:12:15.0389864+02:00" testType="13cdc9d9-ddb5-4fa4-a97d-d965ccfc6d4b" outcome="Passed" testListId="8c84fa94-04c1-424b-9868-57a2d4851a1d" relativeResultsDirectory="2b0c5a2a-31da-4020-984a-dfa903bff90b" />
    <UnitTestResult executionId="e057f125-1b9a-4dc6-b52d-84a52bf4f8d9" testId="0d8f4ea1-b951-6805-f56b-6213d27bd755" testName="CSVTransferApp.Integration.Tests.EndToEndTests.BatchProcessing_WithMultipleJobs_ShouldProcessAllSuccessfully" computerName="FEDERICO" duration="00:00:00.0468505" startTime="2025-10-13T11:12:15.6479794+02:00" endTime="2025-10-13T11:12:15.6479797+02:00" testType="13cdc9d9-ddb5-4fa4-a97d-d965ccfc6d4b" outcome="Passed" testListId="8c84fa94-04c1-424b-9868-57a2d4851a1d" relativeResultsDirectory="e057f125-1b9a-4dc6-b52d-84a52bf4f8d9" />
  </Results>
  <TestDefinitions>
    <UnitTest name="CSVTransferApp.Integration.Tests.SftpIntegrationTests.SftpService_WithMockServer_ShouldUploadFile" storage="c:\_repositories\csvtransferapp\tests\csvtransferapp.integration.tests\bin\release\net9.0\csvtransferapp.integration.tests.dll" id="0dc02fb7-af0a-0b07-018e-3223e7756216">
      <Execution id="65c52bfd-9a17-45e5-b597-39a5fd262b92" />
      <TestMethod codeBase="C:\_repositories\CSVTransferApp\tests\CSVTransferApp.Integration.Tests\bin\Release\net9.0\CSVTransferApp.Integration.Tests.dll" adapterTypeName="executor://xunit/VsTestRunner2/netcoreapp" className="CSVTransferApp.Integration.Tests.SftpIntegrationTests" name="SftpService_WithMockServer_ShouldUploadFile" />
    </UnitTest>
    <UnitTest name="CSVTransferApp.Integration.Tests.EndToEndTests.Application_WithInvalidCommand_ShouldReturnError" storage="c:\_repositories\csvtransferapp\tests\csvtransferapp.integration.tests\bin\release\net9.0\csvtransferapp.integration.tests.dll" id="20ab81f3-2f8f-3808-acf9-1e207634685f">
      <Execution id="608e9817-191e-4fc5-9462-772fbc71bc60" />
      <TestMethod codeBase="C:\_repositories\CSVTransferApp\tests\CSVTransferApp.Integration.Tests\bin\Release\net9.0\CSVTransferApp.Integration.Tests.dll" adapterTypeName="executor://xunit/VsTestRunner2/netcoreapp" className="CSVTransferApp.Integration.Tests.EndToEndTests" name="Application_WithInvalidCommand_ShouldReturnError" />
    </UnitTest>
    <UnitTest name="CSVTransferApp.Integration.Tests.CsvTransferIntegrationTests.ProcessJob_ShouldExportCsvFromDatabase" storage="c:\_repositories\csvtransferapp\tests\csvtransferapp.integration.tests\bin\release\net9.0\csvtransferapp.integration.tests.dll" id="5cb516ee-e8f3-b392-6a67-5392b36ef6e8">
      <Execution id="90d6e193-1148-4457-ade1-4f5a37b91455" />
      <TestMethod codeBase="C:\_repositories\CSVTransferApp\tests\CSVTransferApp.Integration.Tests\bin\Release\net9.0\CSVTransferApp.Integration.Tests.dll" adapterTypeName="executor://xunit/VsTestRunner2/netcoreapp" className="CSVTransferApp.Integration.Tests.CsvTransferIntegrationTests" name="ProcessJob_ShouldExportCsvFromDatabase" />
    </UnitTest>
    <UnitTest name="CSVTransferApp.Integration.Tests.SftpIntegrationTests.SftpService_FileOperations_ShouldWorkCorrectly" storage="c:\_repositories\csvtransferapp\tests\csvtransferapp.integration.tests\bin\release\net9.0\csvtransferapp.integration.tests.dll" id="8c661c3e-d7d1-e590-a448-a6c03958ef5b">
      <Execution id="ac1c411c-bebf-493e-b68c-ef20098d49f4" />
      <TestMethod codeBase="C:\_repositories\CSVTransferApp\tests\CSVTransferApp.Integration.Tests\bin\Release\net9.0\CSVTransferApp.Integration.Tests.dll" adapterTypeName="executor://xunit/VsTestRunner2/netcoreapp" className="CSVTransferApp.Integration.Tests.SftpIntegrationTests" name="SftpService_FileOperations_ShouldWorkCorrectly" />
    </UnitTest>
    <UnitTest name="CSVTransferApp.Integration.Tests.EndToEndTests.Application_WithTransferCommand_ShouldProcessSuccessfully" storage="c:\_repositories\csvtransferapp\tests\csvtransferapp.integration.tests\bin\release\net9.0\csvtransferapp.integration.tests.dll" id="b2633649-628d-5315-043a-0da371d34d1d">
      <Execution id="24f16edd-d467-49fc-9f71-295b6ab88b38" />
      <TestMethod codeBase="C:\_repositories\CSVTransferApp\tests\CSVTransferApp.Integration.Tests\bin\Release\net9.0\CSVTransferApp.Integration.Tests.dll" adapterTypeName="executor://xunit/VsTestRunner2/netcoreapp" className="CSVTransferApp.Integration.Tests.EndToEndTests" name="Application_WithTransferCommand_ShouldProcessSuccessfully" />
    </UnitTest>
    <UnitTest name="CSVTransferApp.Integration.Tests.DatabaseIntegrationTests.PostgreSqlDatabaseProvider_ShouldCreateValidConnection" storage="c:\_repositories\csvtransferapp\tests\csvtransferapp.integration.tests\bin\release\net9.0\csvtransferapp.integration.tests.dll" id="c911e866-9a75-5333-096a-ccb4809c5650">
      <Execution id="551c9278-4476-4878-9963-bf042a1c88a4" />
      <TestMethod codeBase="C:\_repositories\CSVTransferApp\tests\CSVTransferApp.Integration.Tests\bin\Release\net9.0\CSVTransferApp.Integration.Tests.dll" adapterTypeName="executor://xunit/VsTestRunner2/netcoreapp" className="CSVTransferApp.Integration.Tests.DatabaseIntegrationTests" name="PostgreSqlDatabaseProvider_ShouldCreateValidConnection" />
    </UnitTest>
    <UnitTest name="CSVTransferApp.Integration.Tests.DatabaseIntegrationTests.OracleDatabaseProvider_ShouldCreateValidConnection" storage="c:\_repositories\csvtransferapp\tests\csvtransferapp.integration.tests\bin\release\net9.0\csvtransferapp.integration.tests.dll" id="c891e901-8809-4ce8-03de-0d976e61bc96">
      <Execution id="61970a09-de7b-48c9-9d3d-cfbdd73ff9a1" />
      <TestMethod codeBase="C:\_repositories\CSVTransferApp\tests\CSVTransferApp.Integration.Tests\bin\Release\net9.0\CSVTransferApp.Integration.Tests.dll" adapterTypeName="executor://xunit/VsTestRunner2/netcoreapp" className="CSVTransferApp.Integration.Tests.DatabaseIntegrationTests" name="OracleDatabaseProvider_ShouldCreateValidConnection" />
    </UnitTest>
    <UnitTest name="CSVTransferApp.Integration.Tests.DatabaseIntegrationTests.SqlServerDatabaseProvider_ShouldCreateValidConnection" storage="c:\_repositories\csvtransferapp\tests\csvtransferapp.integration.tests\bin\release\net9.0\csvtransferapp.integration.tests.dll" id="b9b3f4cc-20f8-9f18-0ae3-86357fa90010">
      <Execution id="7a4f0d0b-c136-4cc7-b43d-18027b98c7c5" />
      <TestMethod codeBase="C:\_repositories\CSVTransferApp\tests\CSVTransferApp.Integration.Tests\bin\Release\net9.0\CSVTransferApp.Integration.Tests.dll" adapterTypeName="executor://xunit/VsTestRunner2/netcoreapp" className="CSVTransferApp.Integration.Tests.DatabaseIntegrationTests" name="SqlServerDatabaseProvider_ShouldCreateValidConnection" />
    </UnitTest>
    <UnitTest name="CSVTransferApp.Integration.Tests.SftpIntegrationTests.SftpService_TestConnection_ShouldValidateCredentials" storage="c:\_repositories\csvtransferapp\tests\csvtransferapp.integration.tests\bin\release\net9.0\csvtransferapp.integration.tests.dll" id="5a970df2-4b7d-a6ed-aa3f-6b2b65861c37">
      <Execution id="2b0c5a2a-31da-4020-984a-dfa903bff90b" />
      <TestMethod codeBase="C:\_repositories\CSVTransferApp\tests\CSVTransferApp.Integration.Tests\bin\Release\net9.0\CSVTransferApp.Integration.Tests.dll" adapterTypeName="executor://xunit/VsTestRunner2/netcoreapp" className="CSVTransferApp.Integration.Tests.SftpIntegrationTests" name="SftpService_TestConnection_ShouldValidateCredentials" />
    </UnitTest>
    <UnitTest name="CSVTransferApp.Integration.Tests.EndToEndTests.CsvProcessingService_WithRealData_ShouldGenerateValidCsv" storage="c:\_repositories\csvtransferapp\tests\csvtransferapp.integration.tests\bin\release\net9.0\csvtransferapp.integration.tests.dll" id="0d5a5ac2-8981-b4ab-fab2-b708b41a9a1b">
      <Execution id="fe86588e-4f3a-49fe-9f42-10d7ee88dba5" />
      <TestMethod codeBase="C:\_repositories\CSVTransferApp\tests\CSVTransferApp.Integration.Tests\bin\Release\net9.0\CSVTransferApp.Integration.Tests.dll" adapterTypeName="executor://xunit/VsTestRunner2/netcoreapp" className="CSVTransferApp.Integration.Tests.EndToEndTests" name="CsvProcessingService_WithRealData_ShouldGenerateValidCsv" />
    </UnitTest>
    <UnitTest name="CSVTransferApp.Integration.Tests.EndToEndTests.BatchProcessing_WithMultipleJobs_ShouldProcessAllSuccessfully" storage="c:\_repositories\csvtransferapp\tests\csvtransferapp.integration.tests\bin\release\net9.0\csvtransferapp.integration.tests.dll" id="0d8f4ea1-b951-6805-f56b-6213d27bd755">
      <Execution id="e057f125-1b9a-4dc6-b52d-84a52bf4f8d9" />
      <TestMethod codeBase="C:\_repositories\CSVTransferApp\tests\CSVTransferApp.Integration.Tests\bin\Release\net9.0\CSVTransferApp.Integration.Tests.dll" adapterTypeName="executor://xunit/VsTestRunner2/netcoreapp" className="CSVTransferApp.Integration.Tests.EndToEndTests" name="BatchProcessing_WithMultipleJobs_ShouldProcessAllSuccessfully" />
    </UnitTest>
    <UnitTest name="CSVTransferApp.Integration.Tests.EndToEndTests.Application_WithMissingRequiredParameter_ShouldReturnError" storage="c:\_repositories\csvtransferapp\tests\csvtransferapp.integration.tests\bin\release\net9.0\csvtransferapp.integration.tests.dll" id="e23af815-caf6-16c9-2c07-2db2fed3c93f">
      <Execution id="b62ff5db-2204-47e0-8f97-2a853f0a6a32" />
      <TestMethod codeBase="C:\_repositories\CSVTransferApp\tests\CSVTransferApp.Integration.Tests\bin\Release\net9.0\CSVTransferApp.Integration.Tests.dll" adapterTypeName="executor://xunit/VsTestRunner2/netcoreapp" className="CSVTransferApp.Integration.Tests.EndToEndTests" name="Application_WithMissingRequiredParameter_ShouldReturnError" />
    </UnitTest>
  </TestDefinitions>
  <TestEntries>
    <TestEntry testId="20ab81f3-2f8f-3808-acf9-1e207634685f" executionId="608e9817-191e-4fc5-9462-772fbc71bc60" testListId="8c84fa94-04c1-424b-9868-57a2d4851a1d" />
    <TestEntry testId="b2633649-628d-5315-043a-0da371d34d1d" executionId="24f16edd-d467-49fc-9f71-295b6ab88b38" testListId="8c84fa94-04c1-424b-9868-57a2d4851a1d" />
    <TestEntry testId="0d5a5ac2-8981-b4ab-fab2-b708b41a9a1b" executionId="fe86588e-4f3a-49fe-9f42-10d7ee88dba5" testListId="8c84fa94-04c1-424b-9868-57a2d4851a1d" />
    <TestEntry testId="b9b3f4cc-20f8-9f18-0ae3-86357fa90010" executionId="7a4f0d0b-c136-4cc7-b43d-18027b98c7c5" testListId="8c84fa94-04c1-424b-9868-57a2d4851a1d" />
    <TestEntry testId="5cb516ee-e8f3-b392-6a67-5392b36ef6e8" executionId="90d6e193-1148-4457-ade1-4f5a37b91455" testListId="8c84fa94-04c1-424b-9868-57a2d4851a1d" />
    <TestEntry testId="8c661c3e-d7d1-e590-a448-a6c03958ef5b" executionId="ac1c411c-bebf-493e-b68c-ef20098d49f4" testListId="8c84fa94-04c1-424b-9868-57a2d4851a1d" />
    <TestEntry testId="c911e866-9a75-5333-096a-ccb4809c5650" executionId="551c9278-4476-4878-9963-bf042a1c88a4" testListId="8c84fa94-04c1-424b-9868-57a2d4851a1d" />
    <TestEntry testId="e23af815-caf6-16c9-2c07-2db2fed3c93f" executionId="b62ff5db-2204-47e0-8f97-2a853f0a6a32" testListId="8c84fa94-04c1-424b-9868-57a2d4851a1d" />
    <TestEntry testId="0dc02fb7-af0a-0b07-018e-3223e7756216" executionId="65c52bfd-9a17-45e5-b597-39a5fd262b92" testListId="8c84fa94-04c1-424b-9868-57a2d4851a1d" />
    <TestEntry testId="c891e901-8809-4ce8-03de-0d976e61bc96" executionId="61970a09-de7b-48c9-9d3d-cfbdd73ff9a1" testListId="8c84fa94-04c1-424b-9868-57a2d4851a1d" />
    <TestEntry testId="5a970df2-4b7d-a6ed-aa3f-6b2b65861c37" executionId="2b0c5a2a-31da-4020-984a-dfa903bff90b" testListId="8c84fa94-04c1-424b-9868-57a2d4851a1d" />
    <TestEntry testId="0d8f4ea1-b951-6805-f56b-6213d27bd755" executionId="e057f125-1b9a-4dc6-b52d-84a52bf4f8d9" testListId="8c84fa94-04c1-424b-9868-57a2d4851a1d" />
  </TestEntries>
  <TestLists>
    <TestList name="Risultati non in elenco" id="8c84fa94-04c1-424b-9868-57a2d4851a1d" />
    <TestList name="Tutti i risultati caricati" id="19431567-8539-422a-85d7-44ee4e166bda" />
  </TestLists>
  <ResultSummary outcome="Completed">
    <Counters total="12" executed="12" passed="12" failed="0" error="0" timeout="0" aborted="0" inconclusive="0" passedButRunAborted="0" notRunnable="0" notExecuted="0" disconnected="0" warning="0" completed="0" inProgress="0" pending="0" />
    <Output>
      <StdOut>[xUnit.net 00:00:00.00] xUnit.net VSTest Adapter v2.8.2+699d445a1a (64-bit .NET 9.0.9)&#xD;
[xUnit.net 00:00:00.44]   Discovering: CSVTransferApp.Integration.Tests&#xD;
[xUnit.net 00:00:00.62]   Discovered:  CSVTransferApp.Integration.Tests&#xD;
[xUnit.net 00:00:00.63]   Starting:    CSVTransferApp.Integration.Tests&#xD;
CSV Transfer Application&#xD;
Usage: CSVTransferApp &lt;command&gt; [options]&#xD;
Commands:&#xD;
  transfer    Transfer a single table to CSV and upload via SFTP&#xD;
  batch       Process multiple transfers from a batch file&#xD;
  test        Test database and SFTP connections&#xD;
  help        Show this help message&#xD;
Transfer Command Options:&#xD;
  --table &lt;name&gt;              Table name to export (required)&#xD;
  --db-connection &lt;name&gt;      Database connection name (default: Default)&#xD;
  --sftp-connection &lt;name&gt;    SFTP connection name (default: Default)&#xD;
  --query &lt;sql&gt;              Custom SQL query (default: SELECT * FROM &lt;table&gt;)&#xD;
Batch Command Options:&#xD;
  --file &lt;path&gt;              Path to JSON batch file (required)&#xD;
Examples:&#xD;
  CSVTransferApp transfer --table employees --db-connection Oracle --sftp-connection MainServer&#xD;
  CSVTransferApp batch --file batch-jobs.json&#xD;
  CSVTransferApp test&#xD;
[xUnit.net 00:00:01.65]   Finished:    CSVTransferApp.Integration.Tests&#xD;
</StdOut>
    </Output>
  </ResultSummary>
</TestRun>