<?xml version="1.0" encoding="utf-8"?>
<TestRun id="bfe5d6f4-d673-4107-b9f9-e8b5574fbea7" name="feder@FEDERICO 2025-10-13 11:12:12" runUser="FEDERICO\feder" xmlns="http://microsoft.com/schemas/VisualStudio/TeamTest/2010">
  <Times creation="2025-10-13T11:12:12.2353810+02:00" queuing="2025-10-13T11:12:12.2353815+02:00" start="2025-10-13T11:12:08.1985813+02:00" finish="2025-10-13T11:12:12.9189672+02:00" />
  <TestSettings name="default" id="5b89f856-2f1b-4075-9f0f-f1e4dba507b6">
    <Deployment runDeploymentRoot="feder_FEDERICO_2025-10-13_11_12_12" />
  </TestSettings>
  <Results>
    <UnitTestResult executionId="9a8d14f7-a7de-42a4-8231-22f0d3dc3919" testId="b4df118a-7108-87e6-5cf7-cff705e72b4d" testName="CSVTransferApp.Core.Tests.Extensions.StringExtensionsTests.IsNullOrWhiteSpace_ShouldReturnCorrectResult(input: &quot;   &quot;, expected: True)" computerName="FEDERICO" duration="00:00:00.0014077" startTime="2025-10-13T11:12:12.1567003+02:00" endTime="2025-10-13T11:12:12.1567008+02:00" testType="13cdc9d9-ddb5-4fa4-a97d-d965ccfc6d4b" outcome="Passed" testListId="8c84fa94-04c1-424b-9868-57a2d4851a1d" relativeResultsDirectory="9a8d14f7-a7de-42a4-8231-22f0d3dc3919" />
    <UnitTestResult executionId="762d167d-5a41-496c-aa4a-8c8df652b104" testId="111eae12-8d09-7b38-fde3-02ba916a8705" testName="CSVTransferApp.Core.Tests.Extensions.StringExtensionsTests.TruncateWithEllipsis_ShouldTruncateCorrectly(input: &quot;exactly10c&quot;, maxLength: 10, expected: &quot;exactly10c&quot;)" computerName="FEDERICO" duration="00:00:00.0016188" startTime="2025-10-13T11:12:12.1542894+02:00" endTime="2025-10-13T11:12:12.1542895+02:00" testType="13cdc9d9-ddb5-4fa4-a97d-d965ccfc6d4b" outcome="Passed" testListId="8c84fa94-04c1-424b-9868-57a2d4851a1d" relativeResultsDirectory="762d167d-5a41-496c-aa4a-8c8df652b104" />
    <UnitTestResult executionId="b3a5ffbd-cd7c-45ee-aef5-365aef7b921d" testId="053792ef-7953-5d17-3f6c-584839550c07" testName="CSVTransferApp.Core.Tests.Extensions.StringExtensionsTests.ToSafeFileName_ShouldRemoveInvalidCharacters(input: &quot;valid_filename.txt&quot;, expected: &quot;valid_filename.txt&quot;)" computerName="FEDERICO" duration="00:00:00.0000366" startTime="2025-10-13T11:12:12.1600348+02:00" endTime="2025-10-13T11:12:12.1600350+02:00" testType="13cdc9d9-ddb5-4fa4-a97d-d965ccfc6d4b" outcome="Passed" testListId="8c84fa94-04c1-424b-9868-57a2d4851a1d" relativeResultsDirectory="b3a5ffbd-cd7c-45ee-aef5-365aef7b921d" />
    <UnitTestResult executionId="273aea28-f36c-40a4-ac2c-01fcd3033dad" testId="2038c36a-e78b-e9ec-3a36-03c61af062c0" testName="CSVTransferApp.Core.Tests.Extensions.DataTableExtensionsTests.ToCsvStream_WithSimpleData_ShouldGenerateCorrectCsv" computerName="FEDERICO" duration="00:00:00.0049335" startTime="2025-10-13T11:12:12.1599626+02:00" endTime="2025-10-13T11:12:12.1599627+02:00" testType="13cdc9d9-ddb5-4fa4-a97d-d965ccfc6d4b" outcome="Passed" testListId="8c84fa94-04c1-424b-9868-57a2d4851a1d" relativeResultsDirectory="273aea28-f36c-40a4-ac2c-01fcd3033dad" />
    <UnitTestResult executionId="20e9d70e-c980-4842-b1fb-0c5a5f335366" testId="3301d33e-77c3-704f-3199-ec0da0137c46" testName="CSVTransferApp.Core.Tests.Extensions.StringExtensionsTests.IsNullOrWhiteSpace_ShouldReturnCorrectResult(input: &quot;&quot;, expected: True)" computerName="FEDERICO" duration="00:00:00.0000113" startTime="2025-10-13T11:12:12.1595009+02:00" endTime="2025-10-13T11:12:12.1595010+02:00" testType="13cdc9d9-ddb5-4fa4-a97d-d965ccfc6d4b" outcome="Passed" testListId="8c84fa94-04c1-424b-9868-57a2d4851a1d" relativeResultsDirectory="20e9d70e-c980-4842-b1fb-0c5a5f335366" />
    <UnitTestResult executionId="a15de93a-bbf4-4655-a088-7bbd54bb2194" testId="fff3d29b-c41c-c8c8-1985-ad0efb956ad4" testName="CSVTransferApp.Core.Tests.Extensions.StringExtensionsTests.TruncateWithEllipsis_ShouldTruncateCorrectly(input: &quot;short&quot;, maxLength: 10, expected: &quot;short&quot;)" computerName="FEDERICO" duration="00:00:00.0412015" startTime="2025-10-13T11:12:11.9503388+02:00" endTime="2025-10-13T11:12:11.9506241+02:00" testType="13cdc9d9-ddb5-4fa4-a97d-d965ccfc6d4b" outcome="Passed" testListId="8c84fa94-04c1-424b-9868-57a2d4851a1d" relativeResultsDirectory="a15de93a-bbf4-4655-a088-7bbd54bb2194" />
    <UnitTestResult executionId="d60288fe-439a-4990-b799-13935fb577bb" testId="2564b5d9-9cf0-1845-018f-54872b8470de" testName="CSVTransferApp.Core.Tests.Extensions.StringExtensionsTests.ToSafeFileName_ShouldRemoveInvalidCharacters(input: &quot;file|name?.txt&quot;, expected: &quot;filename.txt&quot;)" computerName="FEDERICO" duration="00:00:00.0000244" startTime="2025-10-13T11:12:12.1601103+02:00" endTime="2025-10-13T11:12:12.1601104+02:00" testType="13cdc9d9-ddb5-4fa4-a97d-d965ccfc6d4b" outcome="Passed" testListId="8c84fa94-04c1-424b-9868-57a2d4851a1d" relativeResultsDirectory="d60288fe-439a-4990-b799-13935fb577bb" />
    <UnitTestResult executionId="c4937823-245c-4030-b669-98f28f9effaf" testId="060059df-2e31-6019-1184-71f960da0ebb" testName="CSVTransferApp.Core.Tests.Extensions.DataTableExtensionsTests.GetColumnTypes_ShouldReturnCorrectTypes" computerName="FEDERICO" duration="00:00:00.0475911" startTime="2025-10-13T11:12:12.1541643+02:00" endTime="2025-10-13T11:12:12.1541645+02:00" testType="13cdc9d9-ddb5-4fa4-a97d-d965ccfc6d4b" outcome="Passed" testListId="8c84fa94-04c1-424b-9868-57a2d4851a1d" relativeResultsDirectory="c4937823-245c-4030-b669-98f28f9effaf" />
    <UnitTestResult executionId="a6908a06-3ac6-4fe0-838a-d5745fa08d1e" testId="4998c8b3-06c1-4761-b2d1-2b90de6054cb" testName="CSVTransferApp.Core.Tests.Extensions.StringExtensionsTests.TruncateWithEllipsis_ShouldTruncateCorrectly(input: &quot;&quot;, maxLength: 10, expected: &quot;&quot;)" computerName="FEDERICO" duration="00:00:00.0000324" startTime="2025-10-13T11:12:12.1544799+02:00" endTime="2025-10-13T11:12:12.1544800+02:00" testType="13cdc9d9-ddb5-4fa4-a97d-d965ccfc6d4b" outcome="Passed" testListId="8c84fa94-04c1-424b-9868-57a2d4851a1d" relativeResultsDirectory="a6908a06-3ac6-4fe0-838a-d5745fa08d1e" />
    <UnitTestResult executionId="ac187b6f-382c-470e-90ab-5f357b7553eb" testId="c33e25ab-6e09-4fd7-53de-05562c98e570" testName="CSVTransferApp.Core.Tests.Extensions.StringExtensionsTests.IsNullOrWhiteSpace_ShouldReturnCorrectResult(input: null, expected: True)" computerName="FEDERICO" duration="00:00:00.0004283" startTime="2025-10-13T11:12:12.1568192+02:00" endTime="2025-10-13T11:12:12.1568195+02:00" testType="13cdc9d9-ddb5-4fa4-a97d-d965ccfc6d4b" outcome="Passed" testListId="8c84fa94-04c1-424b-9868-57a2d4851a1d" relativeResultsDirectory="ac187b6f-382c-470e-90ab-5f357b7553eb" />
    <UnitTestResult executionId="967385fa-0f0d-4c13-a127-e91cd2d442ec" testId="2be9bb2f-4460-567a-e845-ae8e0f59f42a" testName="CSVTransferApp.Core.Tests.Extensions.DataTableExtensionsTests.ToCsvStream_WithCustomHeaders_ShouldUseProvidedHeaders" computerName="FEDERICO" duration="00:00:00.0032667" startTime="2025-10-13T11:12:12.1595920+02:00" endTime="2025-10-13T11:12:12.1595922+02:00" testType="13cdc9d9-ddb5-4fa4-a97d-d965ccfc6d4b" outcome="Passed" testListId="8c84fa94-04c1-424b-9868-57a2d4851a1d" relativeResultsDirectory="967385fa-0f0d-4c13-a127-e91cd2d442ec" />
    <UnitTestResult executionId="ca549e5f-84f7-4b81-a5f9-dc6e8a0daab8" testId="1f5f9f20-70fd-4da5-7676-d686c3dd2f35" testName="CSVTransferApp.Core.Tests.Models.HeaderOverrideTests.HeaderOverride_WhenCreated_ShouldHaveEmptyMappings" computerName="FEDERICO" duration="00:00:00.0091851" startTime="2025-10-13T11:12:12.2098673+02:00" endTime="2025-10-13T11:12:12.2098675+02:00" testType="13cdc9d9-ddb5-4fa4-a97d-d965ccfc6d4b" outcome="Passed" testListId="8c84fa94-04c1-424b-9868-57a2d4851a1d" relativeResultsDirectory="ca549e5f-84f7-4b81-a5f9-dc6e8a0daab8" />
    <UnitTestResult executionId="d8b78c7c-a0d4-43ab-88e0-983fc14b50d2" testId="29210833-f106-8344-c222-7c234179fd12" testName="CSVTransferApp.Core.Tests.Models.HeaderOverrideTests.HeaderOverride_WhenMappingsSet_ShouldReturnCorrectMappings" computerName="FEDERICO" duration="00:00:00.0701696" startTime="2025-10-13T11:12:12.2097626+02:00" endTime="2025-10-13T11:12:12.2097627+02:00" testType="13cdc9d9-ddb5-4fa4-a97d-d965ccfc6d4b" outcome="Passed" testListId="8c84fa94-04c1-424b-9868-57a2d4851a1d" relativeResultsDirectory="d8b78c7c-a0d4-43ab-88e0-983fc14b50d2" />
    <UnitTestResult executionId="a81701a1-5d8b-4c32-a14b-c9bdc2d21d43" testId="95efa7f9-c574-3cd3-b3cd-f68233316e2f" testName="CSVTransferApp.Core.Tests.Extensions.StringExtensionsTests.IsNullOrWhiteSpace_ShouldReturnCorrectResult(input: &quot;test&quot;, expected: False)" computerName="FEDERICO" duration="00:00:00.0000193" startTime="2025-10-13T11:12:12.1593941+02:00" endTime="2025-10-13T11:12:12.1593944+02:00" testType="13cdc9d9-ddb5-4fa4-a97d-d965ccfc6d4b" outcome="Passed" testListId="8c84fa94-04c1-424b-9868-57a2d4851a1d" relativeResultsDirectory="a81701a1-5d8b-4c32-a14b-c9bdc2d21d43" />
    <UnitTestResult executionId="059deff6-28fe-448c-83e8-b3c95a54473b" testId="5f624e7a-aa90-00f3-3883-d60ad3f977ff" testName="CSVTransferApp.Core.Tests.Extensions.StringExtensionsTests.ToSafeFileName_ShouldRemoveInvalidCharacters(input: &quot;file&lt;&gt;name.txt&quot;, expected: &quot;filename.txt&quot;)" computerName="FEDERICO" duration="00:00:00.0010773" startTime="2025-10-13T11:12:12.1599088+02:00" endTime="2025-10-13T11:12:12.1599090+02:00" testType="13cdc9d9-ddb5-4fa4-a97d-d965ccfc6d4b" outcome="Passed" testListId="8c84fa94-04c1-424b-9868-57a2d4851a1d" relativeResultsDirectory="059deff6-28fe-448c-83e8-b3c95a54473b" />
    <UnitTestResult executionId="0ab84668-601e-41d9-b2c3-855619f39ea8" testId="887e17e6-baac-d620-e5d5-c262b526deab" testName="CSVTransferApp.Core.Tests.Extensions.StringExtensionsTests.TruncateWithEllipsis_ShouldTruncateCorrectly(input: &quot;this is a long string&quot;, maxLength: 10, expected: &quot;this is...&quot;)" computerName="FEDERICO" duration="00:00:00.0000250" startTime="2025-10-13T11:12:12.1543775+02:00" endTime="2025-10-13T11:12:12.1543777+02:00" testType="13cdc9d9-ddb5-4fa4-a97d-d965ccfc6d4b" outcome="Passed" testListId="8c84fa94-04c1-424b-9868-57a2d4851a1d" relativeResultsDirectory="0ab84668-601e-41d9-b2c3-855619f39ea8" />
    <UnitTestResult executionId="8b806161-e863-4db0-875b-f376d8550a5e" testId="d96401ec-5327-f7e0-d0b8-e091eedb5358" testName="CSVTransferApp.Core.Tests.Models.TransferJobTests.TransferJob_WhenPropertiesSet_ShouldReturnCorrectValues" computerName="FEDERICO" duration="00:00:00.0419845" startTime="2025-10-13T11:12:12.1513990+02:00" endTime="2025-10-13T11:12:12.1513992+02:00" testType="13cdc9d9-ddb5-4fa4-a97d-d965ccfc6d4b" outcome="Passed" testListId="8c84fa94-04c1-424b-9868-57a2d4851a1d" relativeResultsDirectory="8b806161-e863-4db0-875b-f376d8550a5e" />
    <UnitTestResult executionId="9301a057-d62e-4411-b8e3-623aece137dc" testId="28b6b555-161e-3e38-0b7e-1c7da69df707" testName="CSVTransferApp.Core.Tests.Extensions.StringExtensionsTests.ToSafeFileName_ShouldRemoveInvalidCharacters(input: &quot;file\\name/test.txt&quot;, expected: &quot;filenametest.txt&quot;)" computerName="FEDERICO" duration="00:00:00.0070064" startTime="2025-10-13T11:12:12.1597987+02:00" endTime="2025-10-13T11:12:12.1597989+02:00" testType="13cdc9d9-ddb5-4fa4-a97d-d965ccfc6d4b" outcome="Passed" testListId="8c84fa94-04c1-424b-9868-57a2d4851a1d" relativeResultsDirectory="9301a057-d62e-4411-b8e3-623aece137dc" />
    <UnitTestResult executionId="e6063465-b7b8-4c1a-8df1-8a99ab0d3a55" testId="02b51b2b-f968-7068-08d7-bf78beb30bde" testName="CSVTransferApp.Core.Tests.Extensions.StringExtensionsTests.ReplaceTokens_ShouldReplaceAllTokens" computerName="FEDERICO" duration="00:00:00.0026656" startTime="2025-10-13T11:12:12.2094437+02:00" endTime="2025-10-13T11:12:12.2094438+02:00" testType="13cdc9d9-ddb5-4fa4-a97d-d965ccfc6d4b" outcome="Passed" testListId="8c84fa94-04c1-424b-9868-57a2d4851a1d" relativeResultsDirectory="e6063465-b7b8-4c1a-8df1-8a99ab0d3a55" />
    <UnitTestResult executionId="37e0c439-b4b6-4c2a-92a3-0887b7fa32fd" testId="8be0fb97-0d27-bd76-e4d8-5bbe094eebfd" testName="CSVTransferApp.Core.Tests.Extensions.DataTableExtensionsTests.ToCsvStream_WithSpecialCharacters_ShouldEscapeProperly" computerName="FEDERICO" duration="00:00:00.0030998" startTime="2025-10-13T11:12:12.1597024+02:00" endTime="2025-10-13T11:12:12.1597025+02:00" testType="13cdc9d9-ddb5-4fa4-a97d-d965ccfc6d4b" outcome="Passed" testListId="8c84fa94-04c1-424b-9868-57a2d4851a1d" relativeResultsDirectory="37e0c439-b4b6-4c2a-92a3-0887b7fa32fd" />
    <UnitTestResult executionId="570349a5-4a58-4b00-8fa9-a31af1825975" testId="10a97f86-7942-0449-449c-b84a3f8bf30d" testName="CSVTransferApp.Core.Tests.Models.TransferJobTests.TransferJob_WhenCreated_ShouldHaveDefaultValues" computerName="FEDERICO" duration="00:00:00.0166327" startTime="2025-10-13T11:12:12.2096318+02:00" endTime="2025-10-13T11:12:12.2096319+02:00" testType="13cdc9d9-ddb5-4fa4-a97d-d965ccfc6d4b" outcome="Passed" testListId="8c84fa94-04c1-424b-9868-57a2d4851a1d" relativeResultsDirectory="570349a5-4a58-4b00-8fa9-a31af1825975" />
  </Results>
  <TestDefinitions>
    <UnitTest name="CSVTransferApp.Core.Tests.Extensions.StringExtensionsTests.IsNullOrWhiteSpace_ShouldReturnCorrectResult(input: null, expected: True)" storage="c:\_repositories\csvtransferapp\tests\csvtransferapp.core.tests\bin\release\net9.0\csvtransferapp.core.tests.dll" id="c33e25ab-6e09-4fd7-53de-05562c98e570">
      <Execution id="ac187b6f-382c-470e-90ab-5f357b7553eb" />
      <TestMethod codeBase="C:\_repositories\CSVTransferApp\tests\CSVTransferApp.Core.Tests\bin\Release\net9.0\CSVTransferApp.Core.Tests.dll" adapterTypeName="executor://xunit/VsTestRunner2/netcoreapp" className="CSVTransferApp.Core.Tests.Extensions.StringExtensionsTests" name="IsNullOrWhiteSpace_ShouldReturnCorrectResult" />
    </UnitTest>
    <UnitTest name="CSVTransferApp.Core.Tests.Extensions.StringExtensionsTests.TruncateWithEllipsis_ShouldTruncateCorrectly(input: &quot;&quot;, maxLength: 10, expected: &quot;&quot;)" storage="c:\_repositories\csvtransferapp\tests\csvtransferapp.core.tests\bin\release\net9.0\csvtransferapp.core.tests.dll" id="4998c8b3-06c1-4761-b2d1-2b90de6054cb">
      <Execution id="a6908a06-3ac6-4fe0-838a-d5745fa08d1e" />
      <TestMethod codeBase="C:\_repositories\CSVTransferApp\tests\CSVTransferApp.Core.Tests\bin\Release\net9.0\CSVTransferApp.Core.Tests.dll" adapterTypeName="executor://xunit/VsTestRunner2/netcoreapp" className="CSVTransferApp.Core.Tests.Extensions.StringExtensionsTests" name="TruncateWithEllipsis_ShouldTruncateCorrectly" />
    </UnitTest>
    <UnitTest name="CSVTransferApp.Core.Tests.Models.HeaderOverrideTests.HeaderOverride_WhenMappingsSet_ShouldReturnCorrectMappings" storage="c:\_repositories\csvtransferapp\tests\csvtransferapp.core.tests\bin\release\net9.0\csvtransferapp.core.tests.dll" id="29210833-f106-8344-c222-7c234179fd12">
      <Execution id="d8b78c7c-a0d4-43ab-88e0-983fc14b50d2" />
      <TestMethod codeBase="C:\_repositories\CSVTransferApp\tests\CSVTransferApp.Core.Tests\bin\Release\net9.0\CSVTransferApp.Core.Tests.dll" adapterTypeName="executor://xunit/VsTestRunner2/netcoreapp" className="CSVTransferApp.Core.Tests.Models.HeaderOverrideTests" name="HeaderOverride_WhenMappingsSet_ShouldReturnCorrectMappings" />
    </UnitTest>
    <UnitTest name="CSVTransferApp.Core.Tests.Extensions.StringExtensionsTests.IsNullOrWhiteSpace_ShouldReturnCorrectResult(input: &quot;&quot;, expected: True)" storage="c:\_repositories\csvtransferapp\tests\csvtransferapp.core.tests\bin\release\net9.0\csvtransferapp.core.tests.dll" id="3301d33e-77c3-704f-3199-ec0da0137c46">
      <Execution id="20e9d70e-c980-4842-b1fb-0c5a5f335366" />
      <TestMethod codeBase="C:\_repositories\CSVTransferApp\tests\CSVTransferApp.Core.Tests\bin\Release\net9.0\CSVTransferApp.Core.Tests.dll" adapterTypeName="executor://xunit/VsTestRunner2/netcoreapp" className="CSVTransferApp.Core.Tests.Extensions.StringExtensionsTests" name="IsNullOrWhiteSpace_ShouldReturnCorrectResult" />
    </UnitTest>
    <UnitTest name="CSVTransferApp.Core.Tests.Extensions.StringExtensionsTests.ToSafeFileName_ShouldRemoveInvalidCharacters(input: &quot;valid_filename.txt&quot;, expected: &quot;valid_filename.txt&quot;)" storage="c:\_repositories\csvtransferapp\tests\csvtransferapp.core.tests\bin\release\net9.0\csvtransferapp.core.tests.dll" id="053792ef-7953-5d17-3f6c-584839550c07">
      <Execution id="b3a5ffbd-cd7c-45ee-aef5-365aef7b921d" />
      <TestMethod codeBase="C:\_repositories\CSVTransferApp\tests\CSVTransferApp.Core.Tests\bin\Release\net9.0\CSVTransferApp.Core.Tests.dll" adapterTypeName="executor://xunit/VsTestRunner2/netcoreapp" className="CSVTransferApp.Core.Tests.Extensions.StringExtensionsTests" name="ToSafeFileName_ShouldRemoveInvalidCharacters" />
    </UnitTest>
    <UnitTest name="CSVTransferApp.Core.Tests.Models.TransferJobTests.TransferJob_WhenPropertiesSet_ShouldReturnCorrectValues" storage="c:\_repositories\csvtransferapp\tests\csvtransferapp.core.tests\bin\release\net9.0\csvtransferapp.core.tests.dll" id="d96401ec-5327-f7e0-d0b8-e091eedb5358">
      <Execution id="8b806161-e863-4db0-875b-f376d8550a5e" />
      <TestMethod codeBase="C:\_repositories\CSVTransferApp\tests\CSVTransferApp.Core.Tests\bin\Release\net9.0\CSVTransferApp.Core.Tests.dll" adapterTypeName="executor://xunit/VsTestRunner2/netcoreapp" className="CSVTransferApp.Core.Tests.Models.TransferJobTests" name="TransferJob_WhenPropertiesSet_ShouldReturnCorrectValues" />
    </UnitTest>
    <UnitTest name="CSVTransferApp.Core.Tests.Extensions.StringExtensionsTests.IsNullOrWhiteSpace_ShouldReturnCorrectResult(input: &quot;test&quot;, expected: False)" storage="c:\_repositories\csvtransferapp\tests\csvtransferapp.core.tests\bin\release\net9.0\csvtransferapp.core.tests.dll" id="95efa7f9-c574-3cd3-b3cd-f68233316e2f">
      <Execution id="a81701a1-5d8b-4c32-a14b-c9bdc2d21d43" />
      <TestMethod codeBase="C:\_repositories\CSVTransferApp\tests\CSVTransferApp.Core.Tests\bin\Release\net9.0\CSVTransferApp.Core.Tests.dll" adapterTypeName="executor://xunit/VsTestRunner2/netcoreapp" className="CSVTransferApp.Core.Tests.Extensions.StringExtensionsTests" name="IsNullOrWhiteSpace_ShouldReturnCorrectResult" />
    </UnitTest>
    <UnitTest name="CSVTransferApp.Core.Tests.Extensions.DataTableExtensionsTests.GetColumnTypes_ShouldReturnCorrectTypes" storage="c:\_repositories\csvtransferapp\tests\csvtransferapp.core.tests\bin\release\net9.0\csvtransferapp.core.tests.dll" id="060059df-2e31-6019-1184-71f960da0ebb">
      <Execution id="c4937823-245c-4030-b669-98f28f9effaf" />
      <TestMethod codeBase="C:\_repositories\CSVTransferApp\tests\CSVTransferApp.Core.Tests\bin\Release\net9.0\CSVTransferApp.Core.Tests.dll" adapterTypeName="executor://xunit/VsTestRunner2/netcoreapp" className="CSVTransferApp.Core.Tests.Extensions.DataTableExtensionsTests" name="GetColumnTypes_ShouldReturnCorrectTypes" />
    </UnitTest>
    <UnitTest name="CSVTransferApp.Core.Tests.Extensions.StringExtensionsTests.ToSafeFileName_ShouldRemoveInvalidCharacters(input: &quot;file|name?.txt&quot;, expected: &quot;filename.txt&quot;)" storage="c:\_repositories\csvtransferapp\tests\csvtransferapp.core.tests\bin\release\net9.0\csvtransferapp.core.tests.dll" id="2564b5d9-9cf0-1845-018f-54872b8470de">
      <Execution id="d60288fe-439a-4990-b799-13935fb577bb" />
      <TestMethod codeBase="C:\_repositories\CSVTransferApp\tests\CSVTransferApp.Core.Tests\bin\Release\net9.0\CSVTransferApp.Core.Tests.dll" adapterTypeName="executor://xunit/VsTestRunner2/netcoreapp" className="CSVTransferApp.Core.Tests.Extensions.StringExtensionsTests" name="ToSafeFileName_ShouldRemoveInvalidCharacters" />
    </UnitTest>
    <UnitTest name="CSVTransferApp.Core.Tests.Extensions.StringExtensionsTests.ReplaceTokens_ShouldReplaceAllTokens" storage="c:\_repositories\csvtransferapp\tests\csvtransferapp.core.tests\bin\release\net9.0\csvtransferapp.core.tests.dll" id="02b51b2b-f968-7068-08d7-bf78beb30bde">
      <Execution id="e6063465-b7b8-4c1a-8df1-8a99ab0d3a55" />
      <TestMethod codeBase="C:\_repositories\CSVTransferApp\tests\CSVTransferApp.Core.Tests\bin\Release\net9.0\CSVTransferApp.Core.Tests.dll" adapterTypeName="executor://xunit/VsTestRunner2/netcoreapp" className="CSVTransferApp.Core.Tests.Extensions.StringExtensionsTests" name="ReplaceTokens_ShouldReplaceAllTokens" />
    </UnitTest>
    <UnitTest name="CSVTransferApp.Core.Tests.Extensions.DataTableExtensionsTests.ToCsvStream_WithSpecialCharacters_ShouldEscapeProperly" storage="c:\_repositories\csvtransferapp\tests\csvtransferapp.core.tests\bin\release\net9.0\csvtransferapp.core.tests.dll" id="8be0fb97-0d27-bd76-e4d8-5bbe094eebfd">
      <Execution id="37e0c439-b4b6-4c2a-92a3-0887b7fa32fd" />
      <TestMethod codeBase="C:\_repositories\CSVTransferApp\tests\CSVTransferApp.Core.Tests\bin\Release\net9.0\CSVTransferApp.Core.Tests.dll" adapterTypeName="executor://xunit/VsTestRunner2/netcoreapp" className="CSVTransferApp.Core.Tests.Extensions.DataTableExtensionsTests" name="ToCsvStream_WithSpecialCharacters_ShouldEscapeProperly" />
    </UnitTest>
    <UnitTest name="CSVTransferApp.Core.Tests.Extensions.StringExtensionsTests.TruncateWithEllipsis_ShouldTruncateCorrectly(input: &quot;short&quot;, maxLength: 10, expected: &quot;short&quot;)" storage="c:\_repositories\csvtransferapp\tests\csvtransferapp.core.tests\bin\release\net9.0\csvtransferapp.core.tests.dll" id="fff3d29b-c41c-c8c8-1985-ad0efb956ad4">
      <Execution id="a15de93a-bbf4-4655-a088-7bbd54bb2194" />
      <TestMethod codeBase="C:\_repositories\CSVTransferApp\tests\CSVTransferApp.Core.Tests\bin\Release\net9.0\CSVTransferApp.Core.Tests.dll" adapterTypeName="executor://xunit/VsTestRunner2/netcoreapp" className="CSVTransferApp.Core.Tests.Extensions.StringExtensionsTests" name="TruncateWithEllipsis_ShouldTruncateCorrectly" />
    </UnitTest>
    <UnitTest name="CSVTransferApp.Core.Tests.Extensions.StringExtensionsTests.IsNullOrWhiteSpace_ShouldReturnCorrectResult(input: &quot;   &quot;, expected: True)" storage="c:\_repositories\csvtransferapp\tests\csvtransferapp.core.tests\bin\release\net9.0\csvtransferapp.core.tests.dll" id="b4df118a-7108-87e6-5cf7-cff705e72b4d">
      <Execution id="9a8d14f7-a7de-42a4-8231-22f0d3dc3919" />
      <TestMethod codeBase="C:\_repositories\CSVTransferApp\tests\CSVTransferApp.Core.Tests\bin\Release\net9.0\CSVTransferApp.Core.Tests.dll" adapterTypeName="executor://xunit/VsTestRunner2/netcoreapp" className="CSVTransferApp.Core.Tests.Extensions.StringExtensionsTests" name="IsNullOrWhiteSpace_ShouldReturnCorrectResult" />
    </UnitTest>
    <UnitTest name="CSVTransferApp.Core.Tests.Extensions.StringExtensionsTests.TruncateWithEllipsis_ShouldTruncateCorrectly(input: &quot;exactly10c&quot;, maxLength: 10, expected: &quot;exactly10c&quot;)" storage="c:\_repositories\csvtransferapp\tests\csvtransferapp.core.tests\bin\release\net9.0\csvtransferapp.core.tests.dll" id="111eae12-8d09-7b38-fde3-02ba916a8705">
      <Execution id="762d167d-5a41-496c-aa4a-8c8df652b104" />
      <TestMethod codeBase="C:\_repositories\CSVTransferApp\tests\CSVTransferApp.Core.Tests\bin\Release\net9.0\CSVTransferApp.Core.Tests.dll" adapterTypeName="executor://xunit/VsTestRunner2/netcoreapp" className="CSVTransferApp.Core.Tests.Extensions.StringExtensionsTests" name="TruncateWithEllipsis_ShouldTruncateCorrectly" />
    </UnitTest>
    <UnitTest name="CSVTransferApp.Core.Tests.Extensions.DataTableExtensionsTests.ToCsvStream_WithCustomHeaders_ShouldUseProvidedHeaders" storage="c:\_repositories\csvtransferapp\tests\csvtransferapp.core.tests\bin\release\net9.0\csvtransferapp.core.tests.dll" id="2be9bb2f-4460-567a-e845-ae8e0f59f42a">
      <Execution id="967385fa-0f0d-4c13-a127-e91cd2d442ec" />
      <TestMethod codeBase="C:\_repositories\CSVTransferApp\tests\CSVTransferApp.Core.Tests\bin\Release\net9.0\CSVTransferApp.Core.Tests.dll" adapterTypeName="executor://xunit/VsTestRunner2/netcoreapp" className="CSVTransferApp.Core.Tests.Extensions.DataTableExtensionsTests" name="ToCsvStream_WithCustomHeaders_ShouldUseProvidedHeaders" />
    </UnitTest>
    <UnitTest name="CSVTransferApp.Core.Tests.Extensions.StringExtensionsTests.ToSafeFileName_ShouldRemoveInvalidCharacters(input: &quot;file\\name/test.txt&quot;, expected: &quot;filenametest.txt&quot;)" storage="c:\_repositories\csvtransferapp\tests\csvtransferapp.core.tests\bin\release\net9.0\csvtransferapp.core.tests.dll" id="28b6b555-161e-3e38-0b7e-1c7da69df707">
      <Execution id="9301a057-d62e-4411-b8e3-623aece137dc" />
      <TestMethod codeBase="C:\_repositories\CSVTransferApp\tests\CSVTransferApp.Core.Tests\bin\Release\net9.0\CSVTransferApp.Core.Tests.dll" adapterTypeName="executor://xunit/VsTestRunner2/netcoreapp" className="CSVTransferApp.Core.Tests.Extensions.StringExtensionsTests" name="ToSafeFileName_ShouldRemoveInvalidCharacters" />
    </UnitTest>
    <UnitTest name="CSVTransferApp.Core.Tests.Models.TransferJobTests.TransferJob_WhenCreated_ShouldHaveDefaultValues" storage="c:\_repositories\csvtransferapp\tests\csvtransferapp.core.tests\bin\release\net9.0\csvtransferapp.core.tests.dll" id="10a97f86-7942-0449-449c-b84a3f8bf30d">
      <Execution id="570349a5-4a58-4b00-8fa9-a31af1825975" />
      <TestMethod codeBase="C:\_repositories\CSVTransferApp\tests\CSVTransferApp.Core.Tests\bin\Release\net9.0\CSVTransferApp.Core.Tests.dll" adapterTypeName="executor://xunit/VsTestRunner2/netcoreapp" className="CSVTransferApp.Core.Tests.Models.TransferJobTests" name="TransferJob_WhenCreated_ShouldHaveDefaultValues" />
    </UnitTest>
    <UnitTest name="CSVTransferApp.Core.Tests.Models.HeaderOverrideTests.HeaderOverride_WhenCreated_ShouldHaveEmptyMappings" storage="c:\_repositories\csvtransferapp\tests\csvtransferapp.core.tests\bin\release\net9.0\csvtransferapp.core.tests.dll" id="1f5f9f20-70fd-4da5-7676-d686c3dd2f35">
      <Execution id="ca549e5f-84f7-4b81-a5f9-dc6e8a0daab8" />
      <TestMethod codeBase="C:\_repositories\CSVTransferApp\tests\CSVTransferApp.Core.Tests\bin\Release\net9.0\CSVTransferApp.Core.Tests.dll" adapterTypeName="executor://xunit/VsTestRunner2/netcoreapp" className="CSVTransferApp.Core.Tests.Models.HeaderOverrideTests" name="HeaderOverride_WhenCreated_ShouldHaveEmptyMappings" />
    </UnitTest>
    <UnitTest name="CSVTransferApp.Core.Tests.Extensions.StringExtensionsTests.ToSafeFileName_ShouldRemoveInvalidCharacters(input: &quot;file&lt;&gt;name.txt&quot;, expected: &quot;filename.txt&quot;)" storage="c:\_repositories\csvtransferapp\tests\csvtransferapp.core.tests\bin\release\net9.0\csvtransferapp.core.tests.dll" id="5f624e7a-aa90-00f3-3883-d60ad3f977ff">
      <Execution id="059deff6-28fe-448c-83e8-b3c95a54473b" />
      <TestMethod codeBase="C:\_repositories\CSVTransferApp\tests\CSVTransferApp.Core.Tests\bin\Release\net9.0\CSVTransferApp.Core.Tests.dll" adapterTypeName="executor://xunit/VsTestRunner2/netcoreapp" className="CSVTransferApp.Core.Tests.Extensions.StringExtensionsTests" name="ToSafeFileName_ShouldRemoveInvalidCharacters" />
    </UnitTest>
    <UnitTest name="CSVTransferApp.Core.Tests.Extensions.DataTableExtensionsTests.ToCsvStream_WithSimpleData_ShouldGenerateCorrectCsv" storage="c:\_repositories\csvtransferapp\tests\csvtransferapp.core.tests\bin\release\net9.0\csvtransferapp.core.tests.dll" id="2038c36a-e78b-e9ec-3a36-03c61af062c0">
      <Execution id="273aea28-f36c-40a4-ac2c-01fcd3033dad" />
      <TestMethod codeBase="C:\_repositories\CSVTransferApp\tests\CSVTransferApp.Core.Tests\bin\Release\net9.0\CSVTransferApp.Core.Tests.dll" adapterTypeName="executor://xunit/VsTestRunner2/netcoreapp" className="CSVTransferApp.Core.Tests.Extensions.DataTableExtensionsTests" name="ToCsvStream_WithSimpleData_ShouldGenerateCorrectCsv" />
    </UnitTest>
    <UnitTest name="CSVTransferApp.Core.Tests.Extensions.StringExtensionsTests.TruncateWithEllipsis_ShouldTruncateCorrectly(input: &quot;this is a long string&quot;, maxLength: 10, expected: &quot;this is...&quot;)" storage="c:\_repositories\csvtransferapp\tests\csvtransferapp.core.tests\bin\release\net9.0\csvtransferapp.core.tests.dll" id="887e17e6-baac-d620-e5d5-c262b526deab">
      <Execution id="0ab84668-601e-41d9-b2c3-855619f39ea8" />
      <TestMethod codeBase="C:\_repositories\CSVTransferApp\tests\CSVTransferApp.Core.Tests\bin\Release\net9.0\CSVTransferApp.Core.Tests.dll" adapterTypeName="executor://xunit/VsTestRunner2/netcoreapp" className="CSVTransferApp.Core.Tests.Extensions.StringExtensionsTests" name="TruncateWithEllipsis_ShouldTruncateCorrectly" />
    </UnitTest>
  </TestDefinitions>
  <TestEntries>
    <TestEntry testId="b4df118a-7108-87e6-5cf7-cff705e72b4d" executionId="9a8d14f7-a7de-42a4-8231-22f0d3dc3919" testListId="8c84fa94-04c1-424b-9868-57a2d4851a1d" />
    <TestEntry testId="111eae12-8d09-7b38-fde3-02ba916a8705" executionId="762d167d-5a41-496c-aa4a-8c8df652b104" testListId="8c84fa94-04c1-424b-9868-57a2d4851a1d" />
    <TestEntry testId="053792ef-7953-5d17-3f6c-584839550c07" executionId="b3a5ffbd-cd7c-45ee-aef5-365aef7b921d" testListId="8c84fa94-04c1-424b-9868-57a2d4851a1d" />
    <TestEntry testId="2038c36a-e78b-e9ec-3a36-03c61af062c0" executionId="273aea28-f36c-40a4-ac2c-01fcd3033dad" testListId="8c84fa94-04c1-424b-9868-57a2d4851a1d" />
    <TestEntry testId="3301d33e-77c3-704f-3199-ec0da0137c46" executionId="20e9d70e-c980-4842-b1fb-0c5a5f335366" testListId="8c84fa94-04c1-424b-9868-57a2d4851a1d" />
    <TestEntry testId="fff3d29b-c41c-c8c8-1985-ad0efb956ad4" executionId="a15de93a-bbf4-4655-a088-7bbd54bb2194" testListId="8c84fa94-04c1-424b-9868-57a2d4851a1d" />
    <TestEntry testId="2564b5d9-9cf0-1845-018f-54872b8470de" executionId="d60288fe-439a-4990-b799-13935fb577bb" testListId="8c84fa94-04c1-424b-9868-57a2d4851a1d" />
    <TestEntry testId="060059df-2e31-6019-1184-71f960da0ebb" executionId="c4937823-245c-4030-b669-98f28f9effaf" testListId="8c84fa94-04c1-424b-9868-57a2d4851a1d" />
    <TestEntry testId="4998c8b3-06c1-4761-b2d1-2b90de6054cb" executionId="a6908a06-3ac6-4fe0-838a-d5745fa08d1e" testListId="8c84fa94-04c1-424b-9868-57a2d4851a1d" />
    <TestEntry testId="c33e25ab-6e09-4fd7-53de-05562c98e570" executionId="ac187b6f-382c-470e-90ab-5f357b7553eb" testListId="8c84fa94-04c1-424b-9868-57a2d4851a1d" />
    <TestEntry testId="2be9bb2f-4460-567a-e845-ae8e0f59f42a" executionId="967385fa-0f0d-4c13-a127-e91cd2d442ec" testListId="8c84fa94-04c1-424b-9868-57a2d4851a1d" />
    <TestEntry testId="1f5f9f20-70fd-4da5-7676-d686c3dd2f35" executionId="ca549e5f-84f7-4b81-a5f9-dc6e8a0daab8" testListId="8c84fa94-04c1-424b-9868-57a2d4851a1d" />
    <TestEntry testId="29210833-f106-8344-c222-7c234179fd12" executionId="d8b78c7c-a0d4-43ab-88e0-983fc14b50d2" testListId="8c84fa94-04c1-424b-9868-57a2d4851a1d" />
    <TestEntry testId="95efa7f9-c574-3cd3-b3cd-f68233316e2f" executionId="a81701a1-5d8b-4c32-a14b-c9bdc2d21d43" testListId="8c84fa94-04c1-424b-9868-57a2d4851a1d" />
    <TestEntry testId="5f624e7a-aa90-00f3-3883-d60ad3f977ff" executionId="059deff6-28fe-448c-83e8-b3c95a54473b" testListId="8c84fa94-04c1-424b-9868-57a2d4851a1d" />
    <TestEntry testId="887e17e6-baac-d620-e5d5-c262b526deab" executionId="0ab84668-601e-41d9-b2c3-855619f39ea8" testListId="8c84fa94-04c1-424b-9868-57a2d4851a1d" />
    <TestEntry testId="d96401ec-5327-f7e0-d0b8-e091eedb5358" executionId="8b806161-e863-4db0-875b-f376d8550a5e" testListId="8c84fa94-04c1-424b-9868-57a2d4851a1d" />
    <TestEntry testId="28b6b555-161e-3e38-0b7e-1c7da69df707" executionId="9301a057-d62e-4411-b8e3-623aece137dc" testListId="8c84fa94-04c1-424b-9868-57a2d4851a1d" />
    <TestEntry testId="02b51b2b-f968-7068-08d7-bf78beb30bde" executionId="e6063465-b7b8-4c1a-8df1-8a99ab0d3a55" testListId="8c84fa94-04c1-424b-9868-57a2d4851a1d" />
    <TestEntry testId="8be0fb97-0d27-bd76-e4d8-5bbe094eebfd" executionId="37e0c439-b4b6-4c2a-92a3-0887b7fa32fd" testListId="8c84fa94-04c1-424b-9868-57a2d4851a1d" />
    <TestEntry testId="10a97f86-7942-0449-449c-b84a3f8bf30d" executionId="570349a5-4a58-4b00-8fa9-a31af1825975" testListId="8c84fa94-04c1-424b-9868-57a2d4851a1d" />
  </TestEntries>
  <TestLists>
    <TestList name="Risultati non in elenco" id="8c84fa94-04c1-424b-9868-57a2d4851a1d" />
    <TestList name="Tutti i risultati caricati" id="19431567-8539-422a-85d7-44ee4e166bda" />
  </TestLists>
  <ResultSummary outcome="Completed">
    <Counters total="21" executed="21" passed="21" failed="0" error="0" timeout="0" aborted="0" inconclusive="0" passedButRunAborted="0" notRunnable="0" notExecuted="0" disconnected="0" warning="0" completed="0" inProgress="0" pending="0" />
    <Output>
      <StdOut>[xUnit.net 00:00:00.00] xUnit.net VSTest Adapter v2.8.2+699d445a1a (64-bit .NET 9.0.9)&#xD;
[xUnit.net 00:00:00.40]   Discovering: CSVTransferApp.Core.Tests&#xD;
[xUnit.net 00:00:00.81]   Discovered:  CSVTransferApp.Core.Tests&#xD;
[xUnit.net 00:00:00.82]   Starting:    CSVTransferApp.Core.Tests&#xD;
[xUnit.net 00:00:01.42]   Finished:    CSVTransferApp.Core.Tests&#xD;
</StdOut>
    </Output>
  </ResultSummary>
</TestRun>