<?xml version="1.0" encoding="utf-8"?>
<TestRun id="8408a8e4-bea1-4ea0-a4e6-3a08f4b2543e" name="feder@FEDERICO 2025-10-13 11:12:12" runUser="FEDERICO\feder" xmlns="http://microsoft.com/schemas/VisualStudio/TeamTest/2010">
  <Times creation="2025-10-13T11:12:12.3124527+02:00" queuing="2025-10-13T11:12:12.3124530+02:00" start="2025-10-13T11:12:08.2350176+02:00" finish="2025-10-13T11:12:13.1959530+02:00" />
  <TestSettings name="default" id="f964eb7a-d32c-425d-ab3c-6c13d4a7b086">
    <Deployment runDeploymentRoot="feder_FEDERICO_2025-10-13_11_12_12" />
  </TestSettings>
  <Results>
    <UnitTestResult executionId="80fff5e0-f9f0-4186-81e6-626c20e512bd" testId="c55b08d4-2a4b-7cbb-7732-6a6366378ec7" testName="CSVTransferApp.Data.Tests.Services.PostgreSqlDatabaseProviderTests.CreateConnection_WithValidConfig_ShouldReturnConnection" computerName="FEDERICO" duration="00:00:00.1767781" startTime="2025-10-13T11:12:12.2106367+02:00" endTime="2025-10-13T11:12:12.2106371+02:00" testType="13cdc9d9-ddb5-4fa4-a97d-d965ccfc6d4b" outcome="Passed" testListId="8c84fa94-04c1-424b-9868-57a2d4851a1d" relativeResultsDirectory="80fff5e0-f9f0-4186-81e6-626c20e512bd" />
    <UnitTestResult executionId="a43a8808-4d93-479c-9fd2-5ff06a01448c" testId="8914d77d-c6e1-785b-b805-e682448e5c8e" testName="CSVTransferApp.Data.Tests.Factories.ConnectionFactoryTests.CreateConnection_WithSupportedProvider_ShouldReturnConnection(provider: &quot;Microsoft.Data.SqlClient&quot;)" computerName="FEDERICO" duration="00:00:00.0027829" startTime="2025-10-13T11:12:12.1990607+02:00" endTime="2025-10-13T11:12:12.1990608+02:00" testType="13cdc9d9-ddb5-4fa4-a97d-d965ccfc6d4b" outcome="Passed" testListId="8c84fa94-04c1-424b-9868-57a2d4851a1d" relativeResultsDirectory="a43a8808-4d93-479c-9fd2-5ff06a01448c" />
    <UnitTestResult executionId="1aca446e-047f-4128-89b5-1d02752a9b28" testId="f141906c-82f8-6adc-805f-cd7fb2ffd6fe" testName="CSVTransferApp.Data.Tests.Services.OracleDatabaseProviderTests.CreateConnection_WithValidConfig_ShouldReturnConnection" computerName="FEDERICO" duration="00:00:00.1955245" startTime="2025-10-13T11:12:12.4324905+02:00" endTime="2025-10-13T11:12:12.4324906+02:00" testType="13cdc9d9-ddb5-4fa4-a97d-d965ccfc6d4b" outcome="Passed" testListId="8c84fa94-04c1-424b-9868-57a2d4851a1d" relativeResultsDirectory="1aca446e-047f-4128-89b5-1d02752a9b28" />
    <UnitTestResult executionId="9eb6927a-adff-4c20-8a23-78dc91a699a9" testId="896b5484-46a5-65dd-4d00-bdaed3e36123" testName="CSVTransferApp.Data.Tests.Services.DatabaseServiceTests.GetColumnsAsync_WithValidTable_ShouldReturnColumns" computerName="FEDERICO" duration="00:00:00.0022025" startTime="2025-10-13T11:12:12.2828509+02:00" endTime="2025-10-13T11:12:12.2828513+02:00" testType="13cdc9d9-ddb5-4fa4-a97d-d965ccfc6d4b" outcome="Passed" testListId="8c84fa94-04c1-424b-9868-57a2d4851a1d" relativeResultsDirectory="9eb6927a-adff-4c20-8a23-78dc91a699a9" />
    <UnitTestResult executionId="68314b5e-dcbb-4efe-ae3c-62ec161d7f58" testId="038fe66b-b551-2135-a18d-92d20a0fd142" testName="CSVTransferApp.Data.Tests.Factories.ConnectionFactoryTests.CreateConnection_WithUnsupportedProvider_ShouldThrowException" computerName="FEDERICO" duration="00:00:00.0648864" startTime="2025-10-13T11:12:12.4982270+02:00" endTime="2025-10-13T11:12:12.4982272+02:00" testType="13cdc9d9-ddb5-4fa4-a97d-d965ccfc6d4b" outcome="Passed" testListId="8c84fa94-04c1-424b-9868-57a2d4851a1d" relativeResultsDirectory="68314b5e-dcbb-4efe-ae3c-62ec161d7f58" />
    <UnitTestResult executionId="5397c4aa-1d9a-48f5-9cc9-0450eb4ed395" testId="a286a05d-8856-4f41-0b30-6de01c08bcbd" testName="CSVTransferApp.Data.Tests.Services.DatabaseServiceTests.ExecuteQueryAsync_WithValidConnection_ShouldReturnData" computerName="FEDERICO" duration="00:00:00.0589883" startTime="2025-10-13T11:12:12.2700148+02:00" endTime="2025-10-13T11:12:12.2700153+02:00" testType="13cdc9d9-ddb5-4fa4-a97d-d965ccfc6d4b" outcome="Passed" testListId="8c84fa94-04c1-424b-9868-57a2d4851a1d" relativeResultsDirectory="5397c4aa-1d9a-48f5-9cc9-0450eb4ed395" />
    <UnitTestResult executionId="e11c5cea-bbc1-4cf8-a9bd-3335fc061f6f" testId="88d58189-efda-8c38-92a5-62a3d2c6a4d3" testName="CSVTransferApp.Data.Tests.Factories.ConnectionFactoryTests.CreateConnection_WithSupportedProvider_ShouldReturnConnection(provider: &quot;Npgsql&quot;)" computerName="FEDERICO" duration="00:00:00.1473711" startTime="2025-10-13T11:12:12.1913511+02:00" endTime="2025-10-13T11:12:12.1914111+02:00" testType="13cdc9d9-ddb5-4fa4-a97d-d965ccfc6d4b" outcome="Passed" testListId="8c84fa94-04c1-424b-9868-57a2d4851a1d" relativeResultsDirectory="e11c5cea-bbc1-4cf8-a9bd-3335fc061f6f" />
    <UnitTestResult executionId="84f67050-52d3-4ace-b6e6-eb5151161a23" testId="3f69cb7a-4245-0a2d-b36f-b006a1b801a7" testName="CSVTransferApp.Data.Tests.Services.SqlServerDatabaseProviderTests.CreateConnection_WithValidConfig_ShouldReturnConnection" computerName="FEDERICO" duration="00:00:00.1841520" startTime="2025-10-13T11:12:12.1999889+02:00" endTime="2025-10-13T11:12:12.1999890+02:00" testType="13cdc9d9-ddb5-4fa4-a97d-d965ccfc6d4b" outcome="Passed" testListId="8c84fa94-04c1-424b-9868-57a2d4851a1d" relativeResultsDirectory="84f67050-52d3-4ace-b6e6-eb5151161a23" />
    <UnitTestResult executionId="cc18bccf-e8ad-4574-85e1-608be8a4d30a" testId="cfb340cd-279b-1062-b718-c7c5f499efc1" testName="CSVTransferApp.Data.Tests.Services.PostgreSqlDatabaseProviderTests.ProviderName_ShouldReturnPostgreSQL" computerName="FEDERICO" duration="00:00:00.0008190" startTime="2025-10-13T11:12:12.2119262+02:00" endTime="2025-10-13T11:12:12.2119266+02:00" testType="13cdc9d9-ddb5-4fa4-a97d-d965ccfc6d4b" outcome="Passed" testListId="8c84fa94-04c1-424b-9868-57a2d4851a1d" relativeResultsDirectory="cc18bccf-e8ad-4574-85e1-608be8a4d30a" />
    <UnitTestResult executionId="61b80a80-fa2b-4c59-b599-4e42fcedbeb1" testId="b99f69a2-1aae-1c84-380f-67c315b654ba" testName="CSVTransferApp.Data.Tests.Factories.ConnectionFactoryTests.GetProvider_WithValidProvider_ShouldReturnProvider" computerName="FEDERICO" duration="00:00:00.0009526" startTime="2025-10-13T11:12:12.4993444+02:00" endTime="2025-10-13T11:12:12.4993447+02:00" testType="13cdc9d9-ddb5-4fa4-a97d-d965ccfc6d4b" outcome="Passed" testListId="8c84fa94-04c1-424b-9868-57a2d4851a1d" relativeResultsDirectory="61b80a80-fa2b-4c59-b599-4e42fcedbeb1" />
    <UnitTestResult executionId="eb47a7d2-8568-4760-b325-105c7d3690a1" testId="1a59ebf6-c310-0fd8-3d97-8bf04dcb7b8e" testName="CSVTransferApp.Data.Tests.Services.DatabaseServiceTests.TestConnectionAsync_WithInvalidConnection_ShouldReturnFalse" computerName="FEDERICO" duration="00:00:00.0012535" startTime="2025-10-13T11:12:12.2805059+02:00" endTime="2025-10-13T11:12:12.2805061+02:00" testType="13cdc9d9-ddb5-4fa4-a97d-d965ccfc6d4b" outcome="Passed" testListId="8c84fa94-04c1-424b-9868-57a2d4851a1d" relativeResultsDirectory="eb47a7d2-8568-4760-b325-105c7d3690a1" />
    <UnitTestResult executionId="6a484c53-cca1-4b4e-a7eb-08175f37baae" testId="baf15d2d-750e-c009-80ef-5653816b922a" testName="CSVTransferApp.Data.Tests.Services.DatabaseServiceTests.TestConnectionAsync_WithValidConnection_ShouldReturnTrue" computerName="FEDERICO" duration="00:00:00.0017568" startTime="2025-10-13T11:12:12.2790944+02:00" endTime="2025-10-13T11:12:12.2790947+02:00" testType="13cdc9d9-ddb5-4fa4-a97d-d965ccfc6d4b" outcome="Passed" testListId="8c84fa94-04c1-424b-9868-57a2d4851a1d" relativeResultsDirectory="6a484c53-cca1-4b4e-a7eb-08175f37baae" />
    <UnitTestResult executionId="2f9e650c-8f0e-42bd-822e-68eedc71b1fd" testId="7ae7dd44-c601-bf49-6d60-a36972348c0a" testName="CSVTransferApp.Data.Tests.Services.SqlServerDatabaseProviderTests.ProviderName_ShouldReturnSqlServer" computerName="FEDERICO" duration="00:00:00.0004355" startTime="2025-10-13T11:12:12.2009462+02:00" endTime="2025-10-13T11:12:12.2009466+02:00" testType="13cdc9d9-ddb5-4fa4-a97d-d965ccfc6d4b" outcome="Passed" testListId="8c84fa94-04c1-424b-9868-57a2d4851a1d" relativeResultsDirectory="2f9e650c-8f0e-42bd-822e-68eedc71b1fd" />
    <UnitTestResult executionId="f056c232-85d9-4a78-855f-e366b0518705" testId="6b9ae032-01ee-3d0f-5b8a-00ec5b0fba0a" testName="CSVTransferApp.Data.Tests.Services.DatabaseServiceTests.GetTablesAsync_ShouldReturnTableList" computerName="FEDERICO" duration="00:00:00.0070470" startTime="2025-10-13T11:12:12.2771943+02:00" endTime="2025-10-13T11:12:12.2771945+02:00" testType="13cdc9d9-ddb5-4fa4-a97d-d965ccfc6d4b" outcome="Passed" testListId="8c84fa94-04c1-424b-9868-57a2d4851a1d" relativeResultsDirectory="f056c232-85d9-4a78-855f-e366b0518705" />
    <UnitTestResult executionId="28514798-108e-4a80-90c6-ac85fb3ce1ea" testId="90e206b2-95d8-a6d8-aa5e-4edadd5de0a0" testName="CSVTransferApp.Data.Tests.Services.OracleDatabaseProviderTests.ProviderName_ShouldReturnOracle" computerName="FEDERICO" duration="00:00:00.0003003" startTime="2025-10-13T11:12:12.2161803+02:00" endTime="2025-10-13T11:12:12.2161807+02:00" testType="13cdc9d9-ddb5-4fa4-a97d-d965ccfc6d4b" outcome="Passed" testListId="8c84fa94-04c1-424b-9868-57a2d4851a1d" relativeResultsDirectory="28514798-108e-4a80-90c6-ac85fb3ce1ea" />
    <UnitTestResult executionId="2e226f9b-746b-4a3b-9f25-431444177972" testId="04513250-04b0-8760-8a9d-c78f94b8e851" testName="CSVTransferApp.Data.Tests.Factories.ConnectionFactoryTests.CreateConnection_WithSupportedProvider_ShouldReturnConnection(provider: &quot;Oracle.ManagedDataAccess.Client&quot;)" computerName="FEDERICO" duration="00:00:00.2426960" startTime="2025-10-13T11:12:12.4331895+02:00" endTime="2025-10-13T11:12:12.4331900+02:00" testType="13cdc9d9-ddb5-4fa4-a97d-d965ccfc6d4b" outcome="Passed" testListId="8c84fa94-04c1-424b-9868-57a2d4851a1d" relativeResultsDirectory="2e226f9b-746b-4a3b-9f25-431444177972" />
  </Results>
  <TestDefinitions>
    <UnitTest name="CSVTransferApp.Data.Tests.Services.DatabaseServiceTests.TestConnectionAsync_WithInvalidConnection_ShouldReturnFalse" storage="c:\_repositories\csvtransferapp\tests\csvtransferapp.data.tests\bin\release\net9.0\csvtransferapp.data.tests.dll" id="1a59ebf6-c310-0fd8-3d97-8bf04dcb7b8e">
      <Execution id="eb47a7d2-8568-4760-b325-105c7d3690a1" />
      <TestMethod codeBase="C:\_repositories\CSVTransferApp\tests\CSVTransferApp.Data.Tests\bin\Release\net9.0\CSVTransferApp.Data.Tests.dll" adapterTypeName="executor://xunit/VsTestRunner2/netcoreapp" className="CSVTransferApp.Data.Tests.Services.DatabaseServiceTests" name="TestConnectionAsync_WithInvalidConnection_ShouldReturnFalse" />
    </UnitTest>
    <UnitTest name="CSVTransferApp.Data.Tests.Factories.ConnectionFactoryTests.CreateConnection_WithSupportedProvider_ShouldReturnConnection(provider: &quot;Microsoft.Data.SqlClient&quot;)" storage="c:\_repositories\csvtransferapp\tests\csvtransferapp.data.tests\bin\release\net9.0\csvtransferapp.data.tests.dll" id="8914d77d-c6e1-785b-b805-e682448e5c8e">
      <Execution id="a43a8808-4d93-479c-9fd2-5ff06a01448c" />
      <TestMethod codeBase="C:\_repositories\CSVTransferApp\tests\CSVTransferApp.Data.Tests\bin\Release\net9.0\CSVTransferApp.Data.Tests.dll" adapterTypeName="executor://xunit/VsTestRunner2/netcoreapp" className="CSVTransferApp.Data.Tests.Factories.ConnectionFactoryTests" name="CreateConnection_WithSupportedProvider_ShouldReturnConnection" />
    </UnitTest>
    <UnitTest name="CSVTransferApp.Data.Tests.Services.SqlServerDatabaseProviderTests.CreateConnection_WithValidConfig_ShouldReturnConnection" storage="c:\_repositories\csvtransferapp\tests\csvtransferapp.data.tests\bin\release\net9.0\csvtransferapp.data.tests.dll" id="3f69cb7a-4245-0a2d-b36f-b006a1b801a7">
      <Execution id="84f67050-52d3-4ace-b6e6-eb5151161a23" />
      <TestMethod codeBase="C:\_repositories\CSVTransferApp\tests\CSVTransferApp.Data.Tests\bin\Release\net9.0\CSVTransferApp.Data.Tests.dll" adapterTypeName="executor://xunit/VsTestRunner2/netcoreapp" className="CSVTransferApp.Data.Tests.Services.SqlServerDatabaseProviderTests" name="CreateConnection_WithValidConfig_ShouldReturnConnection" />
    </UnitTest>
    <UnitTest name="CSVTransferApp.Data.Tests.Services.SqlServerDatabaseProviderTests.ProviderName_ShouldReturnSqlServer" storage="c:\_repositories\csvtransferapp\tests\csvtransferapp.data.tests\bin\release\net9.0\csvtransferapp.data.tests.dll" id="7ae7dd44-c601-bf49-6d60-a36972348c0a">
      <Execution id="2f9e650c-8f0e-42bd-822e-68eedc71b1fd" />
      <TestMethod codeBase="C:\_repositories\CSVTransferApp\tests\CSVTransferApp.Data.Tests\bin\Release\net9.0\CSVTransferApp.Data.Tests.dll" adapterTypeName="executor://xunit/VsTestRunner2/netcoreapp" className="CSVTransferApp.Data.Tests.Services.SqlServerDatabaseProviderTests" name="ProviderName_ShouldReturnSqlServer" />
    </UnitTest>
    <UnitTest name="CSVTransferApp.Data.Tests.Factories.ConnectionFactoryTests.CreateConnection_WithSupportedProvider_ShouldReturnConnection(provider: &quot;Npgsql&quot;)" storage="c:\_repositories\csvtransferapp\tests\csvtransferapp.data.tests\bin\release\net9.0\csvtransferapp.data.tests.dll" id="88d58189-efda-8c38-92a5-62a3d2c6a4d3">
      <Execution id="e11c5cea-bbc1-4cf8-a9bd-3335fc061f6f" />
      <TestMethod codeBase="C:\_repositories\CSVTransferApp\tests\CSVTransferApp.Data.Tests\bin\Release\net9.0\CSVTransferApp.Data.Tests.dll" adapterTypeName="executor://xunit/VsTestRunner2/netcoreapp" className="CSVTransferApp.Data.Tests.Factories.ConnectionFactoryTests" name="CreateConnection_WithSupportedProvider_ShouldReturnConnection" />
    </UnitTest>
    <UnitTest name="CSVTransferApp.Data.Tests.Services.DatabaseServiceTests.TestConnectionAsync_WithValidConnection_ShouldReturnTrue" storage="c:\_repositories\csvtransferapp\tests\csvtransferapp.data.tests\bin\release\net9.0\csvtransferapp.data.tests.dll" id="baf15d2d-750e-c009-80ef-5653816b922a">
      <Execution id="6a484c53-cca1-4b4e-a7eb-08175f37baae" />
      <TestMethod codeBase="C:\_repositories\CSVTransferApp\tests\CSVTransferApp.Data.Tests\bin\Release\net9.0\CSVTransferApp.Data.Tests.dll" adapterTypeName="executor://xunit/VsTestRunner2/netcoreapp" className="CSVTransferApp.Data.Tests.Services.DatabaseServiceTests" name="TestConnectionAsync_WithValidConnection_ShouldReturnTrue" />
    </UnitTest>
    <UnitTest name="CSVTransferApp.Data.Tests.Services.DatabaseServiceTests.ExecuteQueryAsync_WithValidConnection_ShouldReturnData" storage="c:\_repositories\csvtransferapp\tests\csvtransferapp.data.tests\bin\release\net9.0\csvtransferapp.data.tests.dll" id="a286a05d-8856-4f41-0b30-6de01c08bcbd">
      <Execution id="5397c4aa-1d9a-48f5-9cc9-0450eb4ed395" />
      <TestMethod codeBase="C:\_repositories\CSVTransferApp\tests\CSVTransferApp.Data.Tests\bin\Release\net9.0\CSVTransferApp.Data.Tests.dll" adapterTypeName="executor://xunit/VsTestRunner2/netcoreapp" className="CSVTransferApp.Data.Tests.Services.DatabaseServiceTests" name="ExecuteQueryAsync_WithValidConnection_ShouldReturnData" />
    </UnitTest>
    <UnitTest name="CSVTransferApp.Data.Tests.Services.PostgreSqlDatabaseProviderTests.CreateConnection_WithValidConfig_ShouldReturnConnection" storage="c:\_repositories\csvtransferapp\tests\csvtransferapp.data.tests\bin\release\net9.0\csvtransferapp.data.tests.dll" id="c55b08d4-2a4b-7cbb-7732-6a6366378ec7">
      <Execution id="80fff5e0-f9f0-4186-81e6-626c20e512bd" />
      <TestMethod codeBase="C:\_repositories\CSVTransferApp\tests\CSVTransferApp.Data.Tests\bin\Release\net9.0\CSVTransferApp.Data.Tests.dll" adapterTypeName="executor://xunit/VsTestRunner2/netcoreapp" className="CSVTransferApp.Data.Tests.Services.PostgreSqlDatabaseProviderTests" name="CreateConnection_WithValidConfig_ShouldReturnConnection" />
    </UnitTest>
    <UnitTest name="CSVTransferApp.Data.Tests.Services.DatabaseServiceTests.GetColumnsAsync_WithValidTable_ShouldReturnColumns" storage="c:\_repositories\csvtransferapp\tests\csvtransferapp.data.tests\bin\release\net9.0\csvtransferapp.data.tests.dll" id="896b5484-46a5-65dd-4d00-bdaed3e36123">
      <Execution id="9eb6927a-adff-4c20-8a23-78dc91a699a9" />
      <TestMethod codeBase="C:\_repositories\CSVTransferApp\tests\CSVTransferApp.Data.Tests\bin\Release\net9.0\CSVTransferApp.Data.Tests.dll" adapterTypeName="executor://xunit/VsTestRunner2/netcoreapp" className="CSVTransferApp.Data.Tests.Services.DatabaseServiceTests" name="GetColumnsAsync_WithValidTable_ShouldReturnColumns" />
    </UnitTest>
    <UnitTest name="CSVTransferApp.Data.Tests.Factories.ConnectionFactoryTests.CreateConnection_WithUnsupportedProvider_ShouldThrowException" storage="c:\_repositories\csvtransferapp\tests\csvtransferapp.data.tests\bin\release\net9.0\csvtransferapp.data.tests.dll" id="038fe66b-b551-2135-a18d-92d20a0fd142">
      <Execution id="68314b5e-dcbb-4efe-ae3c-62ec161d7f58" />
      <TestMethod codeBase="C:\_repositories\CSVTransferApp\tests\CSVTransferApp.Data.Tests\bin\Release\net9.0\CSVTransferApp.Data.Tests.dll" adapterTypeName="executor://xunit/VsTestRunner2/netcoreapp" className="CSVTransferApp.Data.Tests.Factories.ConnectionFactoryTests" name="CreateConnection_WithUnsupportedProvider_ShouldThrowException" />
    </UnitTest>
    <UnitTest name="CSVTransferApp.Data.Tests.Services.OracleDatabaseProviderTests.ProviderName_ShouldReturnOracle" storage="c:\_repositories\csvtransferapp\tests\csvtransferapp.data.tests\bin\release\net9.0\csvtransferapp.data.tests.dll" id="90e206b2-95d8-a6d8-aa5e-4edadd5de0a0">
      <Execution id="28514798-108e-4a80-90c6-ac85fb3ce1ea" />
      <TestMethod codeBase="C:\_repositories\CSVTransferApp\tests\CSVTransferApp.Data.Tests\bin\Release\net9.0\CSVTransferApp.Data.Tests.dll" adapterTypeName="executor://xunit/VsTestRunner2/netcoreapp" className="CSVTransferApp.Data.Tests.Services.OracleDatabaseProviderTests" name="ProviderName_ShouldReturnOracle" />
    </UnitTest>
    <UnitTest name="CSVTransferApp.Data.Tests.Services.OracleDatabaseProviderTests.CreateConnection_WithValidConfig_ShouldReturnConnection" storage="c:\_repositories\csvtransferapp\tests\csvtransferapp.data.tests\bin\release\net9.0\csvtransferapp.data.tests.dll" id="f141906c-82f8-6adc-805f-cd7fb2ffd6fe">
      <Execution id="1aca446e-047f-4128-89b5-1d02752a9b28" />
      <TestMethod codeBase="C:\_repositories\CSVTransferApp\tests\CSVTransferApp.Data.Tests\bin\Release\net9.0\CSVTransferApp.Data.Tests.dll" adapterTypeName="executor://xunit/VsTestRunner2/netcoreapp" className="CSVTransferApp.Data.Tests.Services.OracleDatabaseProviderTests" name="CreateConnection_WithValidConfig_ShouldReturnConnection" />
    </UnitTest>
    <UnitTest name="CSVTransferApp.Data.Tests.Services.PostgreSqlDatabaseProviderTests.ProviderName_ShouldReturnPostgreSQL" storage="c:\_repositories\csvtransferapp\tests\csvtransferapp.data.tests\bin\release\net9.0\csvtransferapp.data.tests.dll" id="cfb340cd-279b-1062-b718-c7c5f499efc1">
      <Execution id="cc18bccf-e8ad-4574-85e1-608be8a4d30a" />
      <TestMethod codeBase="C:\_repositories\CSVTransferApp\tests\CSVTransferApp.Data.Tests\bin\Release\net9.0\CSVTransferApp.Data.Tests.dll" adapterTypeName="executor://xunit/VsTestRunner2/netcoreapp" className="CSVTransferApp.Data.Tests.Services.PostgreSqlDatabaseProviderTests" name="ProviderName_ShouldReturnPostgreSQL" />
    </UnitTest>
    <UnitTest name="CSVTransferApp.Data.Tests.Factories.ConnectionFactoryTests.GetProvider_WithValidProvider_ShouldReturnProvider" storage="c:\_repositories\csvtransferapp\tests\csvtransferapp.data.tests\bin\release\net9.0\csvtransferapp.data.tests.dll" id="b99f69a2-1aae-1c84-380f-67c315b654ba">
      <Execution id="61b80a80-fa2b-4c59-b599-4e42fcedbeb1" />
      <TestMethod codeBase="C:\_repositories\CSVTransferApp\tests\CSVTransferApp.Data.Tests\bin\Release\net9.0\CSVTransferApp.Data.Tests.dll" adapterTypeName="executor://xunit/VsTestRunner2/netcoreapp" className="CSVTransferApp.Data.Tests.Factories.ConnectionFactoryTests" name="GetProvider_WithValidProvider_ShouldReturnProvider" />
    </UnitTest>
    <UnitTest name="CSVTransferApp.Data.Tests.Factories.ConnectionFactoryTests.CreateConnection_WithSupportedProvider_ShouldReturnConnection(provider: &quot;Oracle.ManagedDataAccess.Client&quot;)" storage="c:\_repositories\csvtransferapp\tests\csvtransferapp.data.tests\bin\release\net9.0\csvtransferapp.data.tests.dll" id="04513250-04b0-8760-8a9d-c78f94b8e851">
      <Execution id="2e226f9b-746b-4a3b-9f25-431444177972" />
      <TestMethod codeBase="C:\_repositories\CSVTransferApp\tests\CSVTransferApp.Data.Tests\bin\Release\net9.0\CSVTransferApp.Data.Tests.dll" adapterTypeName="executor://xunit/VsTestRunner2/netcoreapp" className="CSVTransferApp.Data.Tests.Factories.ConnectionFactoryTests" name="CreateConnection_WithSupportedProvider_ShouldReturnConnection" />
    </UnitTest>
    <UnitTest name="CSVTransferApp.Data.Tests.Services.DatabaseServiceTests.GetTablesAsync_ShouldReturnTableList" storage="c:\_repositories\csvtransferapp\tests\csvtransferapp.data.tests\bin\release\net9.0\csvtransferapp.data.tests.dll" id="6b9ae032-01ee-3d0f-5b8a-00ec5b0fba0a">
      <Execution id="f056c232-85d9-4a78-855f-e366b0518705" />
      <TestMethod codeBase="C:\_repositories\CSVTransferApp\tests\CSVTransferApp.Data.Tests\bin\Release\net9.0\CSVTransferApp.Data.Tests.dll" adapterTypeName="executor://xunit/VsTestRunner2/netcoreapp" className="CSVTransferApp.Data.Tests.Services.DatabaseServiceTests" name="GetTablesAsync_ShouldReturnTableList" />
    </UnitTest>
  </TestDefinitions>
  <TestEntries>
    <TestEntry testId="c55b08d4-2a4b-7cbb-7732-6a6366378ec7" executionId="80fff5e0-f9f0-4186-81e6-626c20e512bd" testListId="8c84fa94-04c1-424b-9868-57a2d4851a1d" />
    <TestEntry testId="8914d77d-c6e1-785b-b805-e682448e5c8e" executionId="a43a8808-4d93-479c-9fd2-5ff06a01448c" testListId="8c84fa94-04c1-424b-9868-57a2d4851a1d" />
    <TestEntry testId="f141906c-82f8-6adc-805f-cd7fb2ffd6fe" executionId="1aca446e-047f-4128-89b5-1d02752a9b28" testListId="8c84fa94-04c1-424b-9868-57a2d4851a1d" />
    <TestEntry testId="896b5484-46a5-65dd-4d00-bdaed3e36123" executionId="9eb6927a-adff-4c20-8a23-78dc91a699a9" testListId="8c84fa94-04c1-424b-9868-57a2d4851a1d" />
    <TestEntry testId="038fe66b-b551-2135-a18d-92d20a0fd142" executionId="68314b5e-dcbb-4efe-ae3c-62ec161d7f58" testListId="8c84fa94-04c1-424b-9868-57a2d4851a1d" />
    <TestEntry testId="a286a05d-8856-4f41-0b30-6de01c08bcbd" executionId="5397c4aa-1d9a-48f5-9cc9-0450eb4ed395" testListId="8c84fa94-04c1-424b-9868-57a2d4851a1d" />
    <TestEntry testId="88d58189-efda-8c38-92a5-62a3d2c6a4d3" executionId="e11c5cea-bbc1-4cf8-a9bd-3335fc061f6f" testListId="8c84fa94-04c1-424b-9868-57a2d4851a1d" />
    <TestEntry testId="3f69cb7a-4245-0a2d-b36f-b006a1b801a7" executionId="84f67050-52d3-4ace-b6e6-eb5151161a23" testListId="8c84fa94-04c1-424b-9868-57a2d4851a1d" />
    <TestEntry testId="cfb340cd-279b-1062-b718-c7c5f499efc1" executionId="cc18bccf-e8ad-4574-85e1-608be8a4d30a" testListId="8c84fa94-04c1-424b-9868-57a2d4851a1d" />
    <TestEntry testId="b99f69a2-1aae-1c84-380f-67c315b654ba" executionId="61b80a80-fa2b-4c59-b599-4e42fcedbeb1" testListId="8c84fa94-04c1-424b-9868-57a2d4851a1d" />
    <TestEntry testId="1a59ebf6-c310-0fd8-3d97-8bf04dcb7b8e" executionId="eb47a7d2-8568-4760-b325-105c7d3690a1" testListId="8c84fa94-04c1-424b-9868-57a2d4851a1d" />
    <TestEntry testId="baf15d2d-750e-c009-80ef-5653816b922a" executionId="6a484c53-cca1-4b4e-a7eb-08175f37baae" testListId="8c84fa94-04c1-424b-9868-57a2d4851a1d" />
    <TestEntry testId="7ae7dd44-c601-bf49-6d60-a36972348c0a" executionId="2f9e650c-8f0e-42bd-822e-68eedc71b1fd" testListId="8c84fa94-04c1-424b-9868-57a2d4851a1d" />
    <TestEntry testId="6b9ae032-01ee-3d0f-5b8a-00ec5b0fba0a" executionId="f056c232-85d9-4a78-855f-e366b0518705" testListId="8c84fa94-04c1-424b-9868-57a2d4851a1d" />
    <TestEntry testId="90e206b2-95d8-a6d8-aa5e-4edadd5de0a0" executionId="28514798-108e-4a80-90c6-ac85fb3ce1ea" testListId="8c84fa94-04c1-424b-9868-57a2d4851a1d" />
    <TestEntry testId="04513250-04b0-8760-8a9d-c78f94b8e851" executionId="2e226f9b-746b-4a3b-9f25-431444177972" testListId="8c84fa94-04c1-424b-9868-57a2d4851a1d" />
  </TestEntries>
  <TestLists>
    <TestList name="Risultati non in elenco" id="8c84fa94-04c1-424b-9868-57a2d4851a1d" />
    <TestList name="Tutti i risultati caricati" id="19431567-8539-422a-85d7-44ee4e166bda" />
  </TestLists>
  <ResultSummary outcome="Completed">
    <Counters total="16" executed="16" passed="16" failed="0" error="0" timeout="0" aborted="0" inconclusive="0" passedButRunAborted="0" notRunnable="0" notExecuted="0" disconnected="0" warning="0" completed="0" inProgress="0" pending="0" />
    <Output>
      <StdOut>[xUnit.net 00:00:00.00] xUnit.net VSTest Adapter v2.8.2+699d445a1a (64-bit .NET 9.0.9)&#xD;
[xUnit.net 00:00:00.40]   Discovering: CSVTransferApp.Data.Tests&#xD;
[xUnit.net 00:00:00.86]   Discovered:  CSVTransferApp.Data.Tests&#xD;
[xUnit.net 00:00:00.87]   Starting:    CSVTransferApp.Data.Tests&#xD;
[xUnit.net 00:00:01.68]   Finished:    CSVTransferApp.Data.Tests&#xD;
</StdOut>
    </Output>
  </ResultSummary>
</TestRun>